Archive member included to satisfy reference by file (symbol)

c:/st/stm32cubeide_1.7.0/stm32cubeide/plugins/com.st.stm32cube.ide.mcu.externaltools.gnu-tools-for-stm32.10.3-2021.10.win32_1.0.0.202111181127/tools/bin/../lib/gcc/arm-none-eabi/10.3.1/../../../../arm-none-eabi/lib/thumb/v7-m/nofp\libc_nano.a(lib_a-errno.o)
                              ./Core/Src/syscalls.o (__errno)
c:/st/stm32cubeide_1.7.0/stm32cubeide/plugins/com.st.stm32cube.ide.mcu.externaltools.gnu-tools-for-stm32.10.3-2021.10.win32_1.0.0.202111181127/tools/bin/../lib/gcc/arm-none-eabi/10.3.1/../../../../arm-none-eabi/lib/thumb/v7-m/nofp\libc_nano.a(lib_a-exit.o)
                              c:/st/stm32cubeide_1.7.0/stm32cubeide/plugins/com.st.stm32cube.ide.mcu.externaltools.gnu-tools-for-stm32.10.3-2021.10.win32_1.0.0.202111181127/tools/bin/../lib/gcc/arm-none-eabi/10.3.1/../../../../arm-none-eabi/lib/thumb/v7-m/nofp/crt0.o (exit)
c:/st/stm32cubeide_1.7.0/stm32cubeide/plugins/com.st.stm32cube.ide.mcu.externaltools.gnu-tools-for-stm32.10.3-2021.10.win32_1.0.0.202111181127/tools/bin/../lib/gcc/arm-none-eabi/10.3.1/../../../../arm-none-eabi/lib/thumb/v7-m/nofp\libc_nano.a(lib_a-impure.o)
                              c:/st/stm32cubeide_1.7.0/stm32cubeide/plugins/com.st.stm32cube.ide.mcu.externaltools.gnu-tools-for-stm32.10.3-2021.10.win32_1.0.0.202111181127/tools/bin/../lib/gcc/arm-none-eabi/10.3.1/../../../../arm-none-eabi/lib/thumb/v7-m/nofp\libc_nano.a(lib_a-exit.o) (_global_impure_ptr)
c:/st/stm32cubeide_1.7.0/stm32cubeide/plugins/com.st.stm32cube.ide.mcu.externaltools.gnu-tools-for-stm32.10.3-2021.10.win32_1.0.0.202111181127/tools/bin/../lib/gcc/arm-none-eabi/10.3.1/../../../../arm-none-eabi/lib/thumb/v7-m/nofp\libc_nano.a(lib_a-init.o)
                              c:/st/stm32cubeide_1.7.0/stm32cubeide/plugins/com.st.stm32cube.ide.mcu.externaltools.gnu-tools-for-stm32.10.3-2021.10.win32_1.0.0.202111181127/tools/bin/../lib/gcc/arm-none-eabi/10.3.1/../../../../arm-none-eabi/lib/thumb/v7-m/nofp/crt0.o (__libc_init_array)
c:/st/stm32cubeide_1.7.0/stm32cubeide/plugins/com.st.stm32cube.ide.mcu.externaltools.gnu-tools-for-stm32.10.3-2021.10.win32_1.0.0.202111181127/tools/bin/../lib/gcc/arm-none-eabi/10.3.1/../../../../arm-none-eabi/lib/thumb/v7-m/nofp\libc_nano.a(lib_a-memcpy-stub.o)
                              ./Middlewares/Third_Party/FreeRTOS/Source/CMSIS_RTOS_V2/cmsis_os2.o (memcpy)
c:/st/stm32cubeide_1.7.0/stm32cubeide/plugins/com.st.stm32cube.ide.mcu.externaltools.gnu-tools-for-stm32.10.3-2021.10.win32_1.0.0.202111181127/tools/bin/../lib/gcc/arm-none-eabi/10.3.1/../../../../arm-none-eabi/lib/thumb/v7-m/nofp\libc_nano.a(lib_a-memset.o)
                              c:/st/stm32cubeide_1.7.0/stm32cubeide/plugins/com.st.stm32cube.ide.mcu.externaltools.gnu-tools-for-stm32.10.3-2021.10.win32_1.0.0.202111181127/tools/bin/../lib/gcc/arm-none-eabi/10.3.1/../../../../arm-none-eabi/lib/thumb/v7-m/nofp/crt0.o (memset)

Discarded input sections

 .text          0x0000000000000000        0x0 c:/st/stm32cubeide_1.7.0/stm32cubeide/plugins/com.st.stm32cube.ide.mcu.externaltools.gnu-tools-for-stm32.10.3-2021.10.win32_1.0.0.202111181127/tools/bin/../lib/gcc/arm-none-eabi/10.3.1/thumb/v7-m/nofp/crti.o
 .data          0x0000000000000000        0x0 c:/st/stm32cubeide_1.7.0/stm32cubeide/plugins/com.st.stm32cube.ide.mcu.externaltools.gnu-tools-for-stm32.10.3-2021.10.win32_1.0.0.202111181127/tools/bin/../lib/gcc/arm-none-eabi/10.3.1/thumb/v7-m/nofp/crti.o
 .bss           0x0000000000000000        0x0 c:/st/stm32cubeide_1.7.0/stm32cubeide/plugins/com.st.stm32cube.ide.mcu.externaltools.gnu-tools-for-stm32.10.3-2021.10.win32_1.0.0.202111181127/tools/bin/../lib/gcc/arm-none-eabi/10.3.1/thumb/v7-m/nofp/crti.o
 .data          0x0000000000000000        0x4 c:/st/stm32cubeide_1.7.0/stm32cubeide/plugins/com.st.stm32cube.ide.mcu.externaltools.gnu-tools-for-stm32.10.3-2021.10.win32_1.0.0.202111181127/tools/bin/../lib/gcc/arm-none-eabi/10.3.1/thumb/v7-m/nofp/crtbegin.o
 .rodata        0x0000000000000000       0x24 c:/st/stm32cubeide_1.7.0/stm32cubeide/plugins/com.st.stm32cube.ide.mcu.externaltools.gnu-tools-for-stm32.10.3-2021.10.win32_1.0.0.202111181127/tools/bin/../lib/gcc/arm-none-eabi/10.3.1/thumb/v7-m/nofp/crtbegin.o
 .text          0x0000000000000000       0x7c c:/st/stm32cubeide_1.7.0/stm32cubeide/plugins/com.st.stm32cube.ide.mcu.externaltools.gnu-tools-for-stm32.10.3-2021.10.win32_1.0.0.202111181127/tools/bin/../lib/gcc/arm-none-eabi/10.3.1/../../../../arm-none-eabi/lib/thumb/v7-m/nofp/crt0.o
 .data          0x0000000000000000        0x0 c:/st/stm32cubeide_1.7.0/stm32cubeide/plugins/com.st.stm32cube.ide.mcu.externaltools.gnu-tools-for-stm32.10.3-2021.10.win32_1.0.0.202111181127/tools/bin/../lib/gcc/arm-none-eabi/10.3.1/../../../../arm-none-eabi/lib/thumb/v7-m/nofp/crt0.o
[...]
Memory Configuration

Name             Origin             Length             Attributes
RAM              0x0000000020000000 0x0000000000005000 xrw
FLASH            0x0000000008000000 0x0000000000010000 xr
*default*        0x0000000000000000 0xffffffffffffffff

Linker script and memory map

LOAD c:/st/stm32cubeide_1.7.0/stm32cubeide/plugins/com.st.stm32cube.ide.mcu.externaltools.gnu-tools-for-stm32.10.3-2021.10.win32_1.0.0.202111181127/tools/bin/../lib/gcc/arm-none-eabi/10.3.1/thumb/v7-m/nofp/crti.o
LOAD c:/st/stm32cubeide_1.7.0/stm32cubeide/plugins/com.st.stm32cube.ide.mcu.externaltools.gnu-tools-for-stm32.10.3-2021.10.win32_1.0.0.202111181127/tools/bin/../lib/gcc/arm-none-eabi/10.3.1/thumb/v7-m/nofp/crtbegin.o
LOAD c:/st/stm32cubeide_1.7.0/stm32cubeide/plugins/com.st.stm32cube.ide.mcu.externaltools.gnu-tools-for-stm32.10.3-2021.10.win32_1.0.0.202111181127/tools/bin/../lib/gcc/arm-none-eabi/10.3.1/../../../../arm-none-eabi/lib/thumb/v7-m/nofp/crt0.o
LOAD ./Core/Src/bsp_can.o
LOAD ./Core/Src/can.o
LOAD ./Core/Src/freertos.o
LOAD ./Core/Src/gpio.o
LOAD ./Core/Src/main.o
LOAD ./Core/Src/stm32f1xx_hal_msp.o
LOAD ./Core/Src/stm32f1xx_it.o
LOAD ./Core/Src/syscalls.o
LOAD ./Core/Src/sysmem.o
LOAD ./Core/Src/system_stm32f1xx.o
LOAD ./Core/Src/usart.o
LOAD ./Core/Startup/startup_stm32f103c8tx.o
LOAD ./Drivers/STM32F1xx_HAL_Driver/Src/stm32f1xx_hal.o
LOAD ./Drivers/STM32F1xx_HAL_Driver/Src/stm32f1xx_hal_can.o
LOAD ./Drivers/STM32F1xx_HAL_Driver/Src/stm32f1xx_hal_cortex.o
LOAD ./Drivers/STM32F1xx_HAL_Driver/Src/stm32f1xx_hal_dma.o
LOAD ./Drivers/STM32F1xx_HAL_Driver/Src/stm32f1xx_hal_exti.o
LOAD ./Drivers/STM32F1xx_HAL_Driver/Src/stm32f1xx_hal_flash.o
LOAD ./Drivers/STM32F1xx_HAL_Driver/Src/stm32f1xx_hal_flash_ex.o
LOAD ./Drivers/STM32F1xx_HAL_Driver/Src/stm32f1xx_hal_gpio.o
LOAD ./Drivers/STM32F1xx_HAL_Driver/Src/stm32f1xx_hal_gpio_ex.o
LOAD ./Drivers/STM32F1xx_HAL_Driver/Src/stm32f1xx_hal_pwr.o
LOAD ./Drivers/STM32F1xx_HAL_Driver/Src/stm32f1xx_hal_rcc.o
LOAD ./Drivers/STM32F1xx_HAL_Driver/Src/stm32f1xx_hal_rcc_ex.o
LOAD ./Drivers/STM32F1xx_HAL_Driver/Src/stm32f1xx_hal_tim.o
LOAD ./Drivers/STM32F1xx_HAL_Driver/Src/stm32f1xx_hal_tim_ex.o
LOAD ./Drivers/STM32F1xx_HAL_Driver/Src/stm32f1xx_hal_uart.o
LOAD ./Middlewares/Third_Party/FreeRTOS/Source/CMSIS_RTOS_V2/cmsis_os2.o
LOAD ./Middlewares/Third_Party/FreeRTOS/Source/croutine.o
LOAD ./Middlewares/Third_Party/FreeRTOS/Source/event_groups.o
LOAD ./Middlewares/Third_Party/FreeRTOS/Source/list.o
LOAD ./Middlewares/Third_Party/FreeRTOS/Source/queue.o
LOAD ./Middlewares/Third_Party/FreeRTOS/Source/stream_buffer.o
LOAD ./Middlewares/Third_Party/FreeRTOS/Source/tasks.o
LOAD ./Middlewares/Third_Party/FreeRTOS/Source/timers.o
LOAD ./Middlewares/Third_Party/FreeRTOS/Source/portable/GCC/ARM_CM3/port.o
LOAD ./Middlewares/Third_Party/FreeRTOS/Source/portable/MemMang/heap_4.o
START GROUP
LOAD c:/st/stm32cubeide_1.7.0/stm32cubeide/plugins/com.st.stm32cube.ide.mcu.externaltools.gnu-tools-for-stm32.10.3-2021.10.win32_1.0.0.202111181127/tools/bin/../lib/gcc/arm-none-eabi/10.3.1/../../../../arm-none-eabi/lib/thumb/v7-m/nofp\libc_nano.a
LOAD c:/st/stm32cubeide_1.7.0/stm32cubeide/plugins/com.st.stm32cube.ide.mcu.externaltools.gnu-tools-for-stm32.10.3-2021.10.win32_1.0.0.202111181127/tools/bin/../lib/gcc/arm-none-eabi/10.3.1/../../../../arm-none-eabi/lib/thumb/v7-m/nofp\libm.a
END GROUP
START GROUP
LOAD c:/st/stm32cubeide_1.7.0/stm32cubeide/plugins/com.st.stm32cube.ide.mcu.externaltools.gnu-tools-for-stm32.10.3-2021.10.win32_1.0.0.202111181127/tools/bin/../lib/gcc/arm-none-eabi/10.3.1/thumb/v7-m/nofp\libgcc.a
LOAD c:/st/stm32cubeide_1.7.0/stm32cubeide/plugins/com.st.stm32cube.ide.mcu.externaltools.gnu-tools-for-stm32.10.3-2021.10.win32_1.0.0.202111181127/tools/bin/../lib/gcc/arm-none-eabi/10.3.1/../../../../arm-none-eabi/lib/thumb/v7-m/nofp\libc_nano.a
END GROUP
START GROUP
LOAD c:/st/stm32cubeide_1.7.0/stm32cubeide/plugins/com.st.stm32cube.ide.mcu.externaltools.gnu-tools-for-stm32.10.3-2021.10.win32_1.0.0.202111181127/tools/bin/../lib/gcc/arm-none-eabi/10.3.1/thumb/v7-m/nofp\libgcc.a
LOAD c:/st/stm32cubeide_1.7.0/stm32cubeide/plugins/com.st.stm32cube.ide.mcu.externaltools.gnu-tools-for-stm32.10.3-2021.10.win32_1.0.0.202111181127/tools/bin/../lib/gcc/arm-none-eabi/10.3.1/../../../../arm-none-eabi/lib/thumb/v7-m/nofp\libc_nano.a
LOAD c:/st/stm32cubeide_1.7.0/stm32cubeide/plugins/com.st.stm32cube.ide.mcu.externaltools.gnu-tools-for-stm32.10.3-2021.10.win32_1.0.0.202111181127/tools/bin/../lib/gcc/arm-none-eabi/10.3.1/../../../../arm-none-eabi/lib/thumb/v7-m/nofp\libnosys.a
END GROUP
START GROUP
LOAD c:/st/stm32cubeide_1.7.0/stm32cubeide/plugins/com.st.stm32cube.ide.mcu.externaltools.gnu-tools-for-stm32.10.3-2021.10.win32_1.0.0.202111181127/tools/bin/../lib/gcc/arm-none-eabi/10.3.1/thumb/v7-m/nofp\libgcc.a
LOAD c:/st/stm32cubeide_1.7.0/stm32cubeide/plugins/com.st.stm32cube.ide.mcu.externaltools.gnu-tools-for-stm32.10.3-2021.10.win32_1.0.0.202111181127/tools/bin/../lib/gcc/arm-none-eabi/10.3.1/../../../../arm-none-eabi/lib/thumb/v7-m/nofp\libc_nano.a
LOAD c:/st/stm32cubeide_1.7.0/stm32cubeide/plugins/com.st.stm32cube.ide.mcu.externaltools.gnu-tools-for-stm32.10.3-2021.10.win32_1.0.0.202111181127/tools/bin/../lib/gcc/arm-none-eabi/10.3.1/../../../../arm-none-eabi/lib/thumb/v7-m/nofp\libnosys.a
END GROUP
LOAD c:/st/stm32cubeide_1.7.0/stm32cubeide/plugins/com.st.stm32cube.ide.mcu.externaltools.gnu-tools-for-stm32.10.3-2021.10.win32_1.0.0.202111181127/tools/bin/../lib/gcc/arm-none-eabi/10.3.1/thumb/v7-m/nofp/crtend.o
LOAD c:/st/stm32cubeide_1.7.0/stm32cubeide/plugins/com.st.stm32cube.ide.mcu.externaltools.gnu-tools-for-stm32.10.3-2021.10.win32_1.0.0.202111181127/tools/bin/../lib/gcc/arm-none-eabi/10.3.1/thumb/v7-m/nofp/crtn.o
                0x0000000020005000                _estack = (ORIGIN (RAM) + LENGTH (RAM))
                0x0000000000000200                _Min_Heap_Size = 0x200
                0x0000000000000400                _Min_Stack_Size = 0x400

.isr_vector     0x0000000008000000      0x10c
                0x0000000008000000                . = ALIGN (0x4)
 *(.isr_vector)
 .isr_vector    0x0000000008000000      0x10c ./Core/Startup/startup_stm32f103c8tx.o
                0x0000000008000000                g_pfnVectors
                0x000000000800010c                . = ALIGN (0x4)

.text           0x0000000008000110     0x4ff8
                0x0000000008000110                . = ALIGN (0x4)
 *(.text)
 .text          0x0000000008000110       0x40 c:/st/stm32cubeide_1.7.0/stm32cubeide/plugins/com.st.stm32cube.ide.mcu.externaltools.gnu-tools-for-stm32.10.3-2021.10.win32_1.0.0.202111181127/tools/bin/../lib/gcc/arm-none-eabi/10.3.1/thumb/v7-m/nofp/crtbegin.o
 *(.text*)
 .text.CAN1_Filter_Init
                0x0000000008000150       0x54 ./Core/Src/bsp_can.o
                0x0000000008000150                CAN1_Filter_Init
 .text.CAN1_Send_Msg
                0x00000000080001a4       0x7c ./Core/Src/bsp_can.o
                0x00000000080001a4                CAN1_Send_Msg
 .text.HAL_CAN_RxFifo0MsgPendingCallback
                0x0000000008000220       0x48 ./Core/Src/bsp_can.o
                0x0000000008000220                HAL_CAN_RxFifo0MsgPendingCallback
 .text.MX_CAN_Init
                0x0000000008000268       0x6c ./Core/Src/can.o
                0x0000000008000268                MX_CAN_Init
 .text.HAL_CAN_MspInit
                0x00000000080002d4       0xa8 ./Core/Src/can.o
                0x00000000080002d4                HAL_CAN_MspInit
 .text.MX_FREERTOS_Init
                0x000000000800037c       0x5c ./Core/Src/freertos.o
                0x000000000800037c                MX_FREERTOS_Init
 .text.StartDefaultTask
                0x00000000080003d8       0x10 ./Core/Src/freertos.o
                0x00000000080003d8                StartDefaultTask
 .text.StartTask02
                0x00000000080003e8       0x6c ./Core/Src/freertos.o
                0x00000000080003e8                StartTask02
 .text.StartTask03
                0x0000000008000454       0x10 ./Core/Src/freertos.o
                0x0000000008000454                StartTask03
 .text.MX_GPIO_Init
                0x0000000008000464       0xcc ./Core/Src/gpio.o
                0x0000000008000464                MX_GPIO_Init
 .text.main     0x0000000008000530       0x48 ./Core/Src/main.o
                0x0000000008000530                main
 .text.SystemClock_Config
                0x0000000008000578       0x8a ./Core/Src/main.o
                0x0000000008000578                SystemClock_Config
 .text.Error_Handler
                0x0000000008000602        0xa ./Core/Src/main.o
                0x0000000008000602                Error_Handler
 .text.HAL_MspInit
                0x000000000800060c       0x70 ./Core/Src/stm32f1xx_hal_msp.o
                0x000000000800060c                HAL_MspInit
 .text.NMI_Handler
                0x000000000800067c        0x6 ./Core/Src/stm32f1xx_it.o
                0x000000000800067c                NMI_Handler
 .text.HardFault_Handler
                0x0000000008000682        0x6 ./Core/Src/stm32f1xx_it.o
                0x0000000008000682                HardFault_Handler
 .text.MemManage_Handler
                0x0000000008000688        0x6 ./Core/Src/stm32f1xx_it.o
                0x0000000008000688                MemManage_Handler
 .text.BusFault_Handler
                0x000000000800068e        0x6 ./Core/Src/stm32f1xx_it.o
                0x000000000800068e                BusFault_Handler
 .text.UsageFault_Handler
                0x0000000008000694        0x6 ./Core/Src/stm32f1xx_it.o
                0x0000000008000694                UsageFault_Handler
 .text.DebugMon_Handler
                0x000000000800069a        0xc ./Core/Src/stm32f1xx_it.o
                0x000000000800069a                DebugMon_Handler
 .text.SysTick_Handler
                0x00000000080006a6       0x1a ./Core/Src/stm32f1xx_it.o
                0x00000000080006a6                SysTick_Handler
 .text.USB_LP_CAN1_RX0_IRQHandler
                0x00000000080006c0       0x14 ./Core/Src/stm32f1xx_it.o
                0x00000000080006c0                USB_LP_CAN1_RX0_IRQHandler
 .text.SystemInit
                0x00000000080006d4        0xc ./Core/Src/system_stm32f1xx.o
                0x00000000080006d4                SystemInit
 .text.MX_USART1_UART_Init
                0x00000000080006e0       0x54 ./Core/Src/usart.o
                0x00000000080006e0                MX_USART1_UART_Init
 .text.HAL_UART_MspInit
                0x0000000008000734       0x98 ./Core/Src/usart.o
                0x0000000008000734                HAL_UART_MspInit
 .text.Reset_Handler
                0x00000000080007cc       0x48 ./Core/Startup/startup_stm32f103c8tx.o
                0x00000000080007cc                Reset_Handler
 .text.Default_Handler
                0x0000000008000814        0x2 ./Core/Startup/startup_stm32f103c8tx.o
                0x0000000008000814                RTC_Alarm_IRQHandler
                0x0000000008000814                EXTI2_IRQHandler
                0x0000000008000814                TIM1_CC_IRQHandler
                0x0000000008000814                PVD_IRQHandler
                0x0000000008000814                EXTI3_IRQHandler
                0x0000000008000814                EXTI0_IRQHandler
                0x0000000008000814                I2C2_EV_IRQHandler
                0x0000000008000814                ADC1_2_IRQHandler
                0x0000000008000814                SPI1_IRQHandler
                0x0000000008000814                TAMPER_IRQHandler
                0x0000000008000814                DMA1_Channel4_IRQHandler
                0x0000000008000814                USART3_IRQHandler
                0x0000000008000814                RTC_IRQHandler
                0x0000000008000814                DMA1_Channel7_IRQHandler
                0x0000000008000814                CAN1_RX1_IRQHandler
                0x0000000008000814                TIM4_IRQHandler
                0x0000000008000814                I2C1_EV_IRQHandler
                0x0000000008000814                DMA1_Channel6_IRQHandler
                0x0000000008000814                TIM3_IRQHandler
                0x0000000008000814                RCC_IRQHandler
                0x0000000008000814                TIM1_TRG_COM_IRQHandler
                0x0000000008000814                DMA1_Channel1_IRQHandler
                0x0000000008000814                Default_Handler
                0x0000000008000814                EXTI15_10_IRQHandler
                0x0000000008000814                EXTI9_5_IRQHandler
                0x0000000008000814                SPI2_IRQHandler
                0x0000000008000814                DMA1_Channel5_IRQHandler
                0x0000000008000814                EXTI4_IRQHandler
                0x0000000008000814                USB_HP_CAN1_TX_IRQHandler
                0x0000000008000814                DMA1_Channel3_IRQHandler
                0x0000000008000814                TIM1_UP_IRQHandler
                0x0000000008000814                WWDG_IRQHandler
                0x0000000008000814                TIM2_IRQHandler
                0x0000000008000814                TIM1_BRK_IRQHandler
                0x0000000008000814                EXTI1_IRQHandler
                0x0000000008000814                USART2_IRQHandler
                0x0000000008000814                I2C2_ER_IRQHandler
                0x0000000008000814                DMA1_Channel2_IRQHandler
                0x0000000008000814                CAN1_SCE_IRQHandler
                0x0000000008000814                FLASH_IRQHandler
                0x0000000008000814                USART1_IRQHandler
                0x0000000008000814                I2C1_ER_IRQHandler
                0x0000000008000814                USBWakeUp_IRQHandler
 *fill*         0x0000000008000816        0x2 
 .text.HAL_Init
                0x0000000008000818       0x2c ./Drivers/STM32F1xx_HAL_Driver/Src/stm32f1xx_hal.o
                0x0000000008000818                HAL_Init
 .text.HAL_InitTick
                0x0000000008000844       0x60 ./Drivers/STM32F1xx_HAL_Driver/Src/stm32f1xx_hal.o
                0x0000000008000844                HAL_InitTick
 .text.HAL_IncTick
                0x00000000080008a4       0x24 ./Drivers/STM32F1xx_HAL_Driver/Src/stm32f1xx_hal.o
                0x00000000080008a4                HAL_IncTick
 .text.HAL_GetTick
                0x00000000080008c8       0x14 ./Drivers/STM32F1xx_HAL_Driver/Src/stm32f1xx_hal.o
                0x00000000080008c8                HAL_GetTick
 .text.HAL_Delay
                0x00000000080008dc       0x48 ./Drivers/STM32F1xx_HAL_Driver/Src/stm32f1xx_hal.o
                0x00000000080008dc                HAL_Delay
 .text.HAL_CAN_Init
                0x0000000008000924      0x1f6 ./Drivers/STM32F1xx_HAL_Driver/Src/stm32f1xx_hal_can.o
                0x0000000008000924                HAL_CAN_Init
 .text.HAL_CAN_ConfigFilter
                0x0000000008000b1a      0x192 ./Drivers/STM32F1xx_HAL_Driver/Src/stm32f1xx_hal_can.o
                0x0000000008000b1a                HAL_CAN_ConfigFilter
 .text.HAL_CAN_Start
                0x0000000008000cac       0x88 ./Drivers/STM32F1xx_HAL_Driver/Src/stm32f1xx_hal_can.o
                0x0000000008000cac                HAL_CAN_Start
 .text.HAL_CAN_AddTxMessage
                0x0000000008000d34      0x1b4 ./Drivers/STM32F1xx_HAL_Driver/Src/stm32f1xx_hal_can.o
                0x0000000008000d34                HAL_CAN_AddTxMessage
 .text.HAL_CAN_GetRxMessage
                0x0000000008000ee8      0x222 ./Drivers/STM32F1xx_HAL_Driver/Src/stm32f1xx_hal_can.o
                0x0000000008000ee8                HAL_CAN_GetRxMessage
 .text.HAL_CAN_ActivateNotification
                0x000000000800110a       0x4a ./Drivers/STM32F1xx_HAL_Driver/Src/stm32f1xx_hal_can.o
                0x000000000800110a                HAL_CAN_ActivateNotification
 .text.HAL_CAN_IRQHandler
                0x0000000008001154      0x36e ./Drivers/STM32F1xx_HAL_Driver/Src/stm32f1xx_hal_can.o
                0x0000000008001154                HAL_CAN_IRQHandler
 .text.HAL_CAN_TxMailbox0CompleteCallback
                0x00000000080014c2       0x12 ./Drivers/STM32F1xx_HAL_Driver/Src/stm32f1xx_hal_can.o
                0x00000000080014c2                HAL_CAN_TxMailbox0CompleteCallback
 .text.HAL_CAN_TxMailbox1CompleteCallback
                0x00000000080014d4       0x12 ./Drivers/STM32F1xx_HAL_Driver/Src/stm32f1xx_hal_can.o
                0x00000000080014d4                HAL_CAN_TxMailbox1CompleteCallback
 .text.HAL_CAN_TxMailbox2CompleteCallback
                0x00000000080014e6       0x12 ./Drivers/STM32F1xx_HAL_Driver/Src/stm32f1xx_hal_can.o
                0x00000000080014e6                HAL_CAN_TxMailbox2CompleteCallback
 .text.HAL_CAN_TxMailbox0AbortCallback
                0x00000000080014f8       0x12 ./Drivers/STM32F1xx_HAL_Driver/Src/stm32f1xx_hal_can.o
                0x00000000080014f8                HAL_CAN_TxMailbox0AbortCallback
 .text.HAL_CAN_TxMailbox1AbortCallback
                0x000000000800150a       0x12 ./Drivers/STM32F1xx_HAL_Driver/Src/stm32f1xx_hal_can.o
                0x000000000800150a                HAL_CAN_TxMailbox1AbortCallback
 .text.HAL_CAN_TxMailbox2AbortCallback
                0x000000000800151c       0x12 ./Drivers/STM32F1xx_HAL_Driver/Src/stm32f1xx_hal_can.o
                0x000000000800151c                HAL_CAN_TxMailbox2AbortCallback
 .text.HAL_CAN_RxFifo0FullCallback
                0x000000000800152e       0x12 ./Drivers/STM32F1xx_HAL_Driver/Src/stm32f1xx_hal_can.o
                0x000000000800152e                HAL_CAN_RxFifo0FullCallback
 .text.HAL_CAN_RxFifo1MsgPendingCallback
                0x0000000008001540       0x12 ./Drivers/STM32F1xx_HAL_Driver/Src/stm32f1xx_hal_can.o
                0x0000000008001540                HAL_CAN_RxFifo1MsgPendingCallback
 .text.HAL_CAN_RxFifo1FullCallback
                0x0000000008001552       0x12 ./Drivers/STM32F1xx_HAL_Driver/Src/stm32f1xx_hal_can.o
                0x0000000008001552                HAL_CAN_RxFifo1FullCallback
 .text.HAL_CAN_SleepCallback
                0x0000000008001564       0x12 ./Drivers/STM32F1xx_HAL_Driver/Src/stm32f1xx_hal_can.o
                0x0000000008001564                HAL_CAN_SleepCallback
 .text.HAL_CAN_WakeUpFromRxMsgCallback
                0x0000000008001576       0x12 ./Drivers/STM32F1xx_HAL_Driver/Src/stm32f1xx_hal_can.o
                0x0000000008001576                HAL_CAN_WakeUpFromRxMsgCallback
 .text.HAL_CAN_ErrorCallback
                0x0000000008001588       0x12 ./Drivers/STM32F1xx_HAL_Driver/Src/stm32f1xx_hal_can.o
                0x0000000008001588                HAL_CAN_ErrorCallback
 *fill*         0x000000000800159a        0x2 
 .text.__NVIC_SetPriorityGrouping
                0x000000000800159c       0x48 ./Drivers/STM32F1xx_HAL_Driver/Src/stm32f1xx_hal_cortex.o
 .text.__NVIC_GetPriorityGrouping
                0x00000000080015e4       0x1c ./Drivers/STM32F1xx_HAL_Driver/Src/stm32f1xx_hal_cortex.o
 .text.__NVIC_EnableIRQ
                0x0000000008001600       0x38 ./Drivers/STM32F1xx_HAL_Driver/Src/stm32f1xx_hal_cortex.o
 .text.__NVIC_SetPriority
                0x0000000008001638       0x54 ./Drivers/STM32F1xx_HAL_Driver/Src/stm32f1xx_hal_cortex.o
 .text.NVIC_EncodePriority
                0x000000000800168c       0x64 ./Drivers/STM32F1xx_HAL_Driver/Src/stm32f1xx_hal_cortex.o
 .text.SysTick_Config
                0x00000000080016f0       0x44 ./Drivers/STM32F1xx_HAL_Driver/Src/stm32f1xx_hal_cortex.o
 .text.HAL_NVIC_SetPriorityGrouping
                0x0000000008001734       0x16 ./Drivers/STM32F1xx_HAL_Driver/Src/stm32f1xx_hal_cortex.o
                0x0000000008001734                HAL_NVIC_SetPriorityGrouping
 .text.HAL_NVIC_SetPriority
                0x000000000800174a       0x38 ./Drivers/STM32F1xx_HAL_Driver/Src/stm32f1xx_hal_cortex.o
                0x000000000800174a                HAL_NVIC_SetPriority
 .text.HAL_NVIC_EnableIRQ
                0x0000000008001782       0x1c ./Drivers/STM32F1xx_HAL_Driver/Src/stm32f1xx_hal_cortex.o
                0x0000000008001782                HAL_NVIC_EnableIRQ
 .text.HAL_SYSTICK_Config
                0x000000000800179e       0x18 ./Drivers/STM32F1xx_HAL_Driver/Src/stm32f1xx_hal_cortex.o
                0x000000000800179e                HAL_SYSTICK_Config
 *fill*         0x00000000080017b6        0x2 
 .text.HAL_GPIO_Init
                0x00000000080017b8      0x308 ./Drivers/STM32F1xx_HAL_Driver/Src/stm32f1xx_hal_gpio.o
                0x00000000080017b8                HAL_GPIO_Init
 .text.HAL_GPIO_WritePin
                0x0000000008001ac0       0x30 ./Drivers/STM32F1xx_HAL_Driver/Src/stm32f1xx_hal_gpio.o
                0x0000000008001ac0                HAL_GPIO_WritePin
 .text.HAL_GPIO_TogglePin
                0x0000000008001af0       0x32 ./Drivers/STM32F1xx_HAL_Driver/Src/stm32f1xx_hal_gpio.o
                0x0000000008001af0                HAL_GPIO_TogglePin
 *fill*         0x0000000008001b22        0x2 
 .text.HAL_RCC_OscConfig
                0x0000000008001b24      0x504 ./Drivers/STM32F1xx_HAL_Driver/Src/stm32f1xx_hal_rcc.o
                0x0000000008001b24                HAL_RCC_OscConfig
 .text.HAL_RCC_ClockConfig
                0x0000000008002028      0x1d4 ./Drivers/STM32F1xx_HAL_Driver/Src/stm32f1xx_hal_rcc.o
                0x0000000008002028                HAL_RCC_ClockConfig
 .text.HAL_RCC_GetSysClockFreq
                0x00000000080021fc       0xbc ./Drivers/STM32F1xx_HAL_Driver/Src/stm32f1xx_hal_rcc.o
                0x00000000080021fc                HAL_RCC_GetSysClockFreq
 .text.HAL_RCC_GetHCLKFreq
                0x00000000080022b8       0x14 ./Drivers/STM32F1xx_HAL_Driver/Src/stm32f1xx_hal_rcc.o
                0x00000000080022b8                HAL_RCC_GetHCLKFreq
 .text.HAL_RCC_GetPCLK1Freq
                0x00000000080022cc       0x28 ./Drivers/STM32F1xx_HAL_Driver/Src/stm32f1xx_hal_rcc.o
                0x00000000080022cc                HAL_RCC_GetPCLK1Freq
 .text.HAL_RCC_GetPCLK2Freq
                0x00000000080022f4       0x28 ./Drivers/STM32F1xx_HAL_Driver/Src/stm32f1xx_hal_rcc.o
                0x00000000080022f4                HAL_RCC_GetPCLK2Freq
 .text.RCC_Delay
                0x000000000800231c       0x3c ./Drivers/STM32F1xx_HAL_Driver/Src/stm32f1xx_hal_rcc.o
 .text.HAL_UART_Init
                0x0000000008002358       0x9a ./Drivers/STM32F1xx_HAL_Driver/Src/stm32f1xx_hal_uart.o
                0x0000000008002358                HAL_UART_Init
 .text.HAL_UART_Transmit
                0x00000000080023f2      0x124 ./Drivers/STM32F1xx_HAL_Driver/Src/stm32f1xx_hal_uart.o
                0x00000000080023f2                HAL_UART_Transmit
 .text.UART_WaitOnFlagUntilTimeout
                0x0000000008002516       0x94 ./Drivers/STM32F1xx_HAL_Driver/Src/stm32f1xx_hal_uart.o
 *fill*         0x00000000080025aa        0x2 
 .text.UART_SetConfig
                0x00000000080025ac      0x11c ./Drivers/STM32F1xx_HAL_Driver/Src/stm32f1xx_hal_uart.o
 .text.osKernelInitialize
                0x00000000080026c8       0x64 ./Middlewares/Third_Party/FreeRTOS/Source/CMSIS_RTOS_V2/cmsis_os2.o
                0x00000000080026c8                osKernelInitialize
 .text.osKernelStart
                0x000000000800272c       0x68 ./Middlewares/Third_Party/FreeRTOS/Source/CMSIS_RTOS_V2/cmsis_os2.o
                0x000000000800272c                osKernelStart
 .text.osThreadNew
                0x0000000008002794      0x154 ./Middlewares/Third_Party/FreeRTOS/Source/CMSIS_RTOS_V2/cmsis_os2.o
                0x0000000008002794                osThreadNew
 .text.osDelay  0x00000000080028e8       0x5c ./Middlewares/Third_Party/FreeRTOS/Source/CMSIS_RTOS_V2/cmsis_os2.o
                0x00000000080028e8                osDelay
 .text.vApplicationGetIdleTaskMemory
                0x0000000008002944       0x30 ./Middlewares/Third_Party/FreeRTOS/Source/CMSIS_RTOS_V2/cmsis_os2.o
                0x0000000008002944                vApplicationGetIdleTaskMemory
 .text.vApplicationGetTimerTaskMemory
                0x0000000008002974       0x34 ./Middlewares/Third_Party/FreeRTOS/Source/CMSIS_RTOS_V2/cmsis_os2.o
                0x0000000008002974                vApplicationGetTimerTaskMemory
 .text.vListInitialise
                0x00000000080029a8       0x3e ./Middlewares/Third_Party/FreeRTOS/Source/list.o
                0x00000000080029a8                vListInitialise
 .text.vListInitialiseItem
                0x00000000080029e6       0x18 ./Middlewares/Third_Party/FreeRTOS/Source/list.o
                0x00000000080029e6                vListInitialiseItem
 .text.vListInsertEnd
                0x00000000080029fe       0x46 ./Middlewares/Third_Party/FreeRTOS/Source/list.o
                0x00000000080029fe                vListInsertEnd
 .text.vListInsert
                0x0000000008002a44       0x70 ./Middlewares/Third_Party/FreeRTOS/Source/list.o
                0x0000000008002a44                vListInsert
 .text.uxListRemove
                0x0000000008002ab4       0x52 ./Middlewares/Third_Party/FreeRTOS/Source/list.o
                0x0000000008002ab4                uxListRemove
 *fill*         0x0000000008002b06        0x2 
 .text.xQueueGenericReset
                0x0000000008002b08       0xd0 ./Middlewares/Third_Party/FreeRTOS/Source/queue.o
                0x0000000008002b08                xQueueGenericReset
 .text.xQueueGenericCreateStatic
                0x0000000008002bd8       0xee ./Middlewares/Third_Party/FreeRTOS/Source/queue.o
                0x0000000008002bd8                xQueueGenericCreateStatic
 .text.prvInitialiseNewQueue
                0x0000000008002cc6       0x46 ./Middlewares/Third_Party/FreeRTOS/Source/queue.o
 .text.xQueueGenericSend
                0x0000000008002d0c      0x1fc ./Middlewares/Third_Party/FreeRTOS/Source/queue.o
                0x0000000008002d0c                xQueueGenericSend
 .text.xQueueGenericSendFromISR
                0x0000000008002f08      0x130 ./Middlewares/Third_Party/FreeRTOS/Source/queue.o
                0x0000000008002f08                xQueueGenericSendFromISR
 .text.xQueueReceive
                0x0000000008003038      0x1c0 ./Middlewares/Third_Party/FreeRTOS/Source/queue.o
                0x0000000008003038                xQueueReceive
 .text.prvCopyDataToQueue
                0x00000000080031f8       0xd4 ./Middlewares/Third_Party/FreeRTOS/Source/queue.o
 .text.prvCopyDataFromQueue
                0x00000000080032cc       0x4c ./Middlewares/Third_Party/FreeRTOS/Source/queue.o
 .text.prvUnlockQueue
                0x0000000008003318       0xa4 ./Middlewares/Third_Party/FreeRTOS/Source/queue.o
 .text.prvIsQueueEmpty
                0x00000000080033bc       0x2c ./Middlewares/Third_Party/FreeRTOS/Source/queue.o
 .text.prvIsQueueFull
                0x00000000080033e8       0x30 ./Middlewares/Third_Party/FreeRTOS/Source/queue.o
 .text.vQueueAddToRegistry
                0x0000000008003418       0x50 ./Middlewares/Third_Party/FreeRTOS/Source/queue.o
                0x0000000008003418                vQueueAddToRegistry
 .text.vQueueWaitForMessageRestricted
                0x0000000008003468       0x68 ./Middlewares/Third_Party/FreeRTOS/Source/queue.o
                0x0000000008003468                vQueueWaitForMessageRestricted
 .text.xTaskCreateStatic
                0x00000000080034d0       0xb8 ./Middlewares/Third_Party/FreeRTOS/Source/tasks.o
                0x00000000080034d0                xTaskCreateStatic
 .text.xTaskCreate
                0x0000000008003588       0x8a ./Middlewares/Third_Party/FreeRTOS/Source/tasks.o
                0x0000000008003588                xTaskCreate
 .text.prvInitialiseNewTask
                0x0000000008003612      0x10e ./Middlewares/Third_Party/FreeRTOS/Source/tasks.o
 .text.prvAddNewTaskToReadyList
                0x0000000008003720       0xe0 ./Middlewares/Third_Party/FreeRTOS/Source/tasks.o
 .text.vTaskDelay
                0x0000000008003800       0x68 ./Middlewares/Third_Party/FreeRTOS/Source/tasks.o
                0x0000000008003800                vTaskDelay
 .text.vTaskStartScheduler
                0x0000000008003868       0xcc ./Middlewares/Third_Party/FreeRTOS/Source/tasks.o
                0x0000000008003868                vTaskStartScheduler
 .text.vTaskSuspendAll
                0x0000000008003934       0x1c ./Middlewares/Third_Party/FreeRTOS/Source/tasks.o
                0x0000000008003934                vTaskSuspendAll
 .text.xTaskResumeAll
                0x0000000008003950      0x13c ./Middlewares/Third_Party/FreeRTOS/Source/tasks.o
                0x0000000008003950                xTaskResumeAll
 .text.xTaskGetTickCount
                0x0000000008003a8c       0x1c ./Middlewares/Third_Party/FreeRTOS/Source/tasks.o
                0x0000000008003a8c                xTaskGetTickCount
 .text.xTaskIncrementTick
                0x0000000008003aa8      0x17c ./Middlewares/Third_Party/FreeRTOS/Source/tasks.o
                0x0000000008003aa8                xTaskIncrementTick
 .text.vTaskSwitchContext
                0x0000000008003c24       0xb8 ./Middlewares/Third_Party/FreeRTOS/Source/tasks.o
                0x0000000008003c24                vTaskSwitchContext
 .text.vTaskPlaceOnEventList
                0x0000000008003cdc       0x48 ./Middlewares/Third_Party/FreeRTOS/Source/tasks.o
                0x0000000008003cdc                vTaskPlaceOnEventList
 .text.vTaskPlaceOnEventListRestricted
                0x0000000008003d24       0x58 ./Middlewares/Third_Party/FreeRTOS/Source/tasks.o
                0x0000000008003d24                vTaskPlaceOnEventListRestricted
 .text.xTaskRemoveFromEventList
                0x0000000008003d7c       0xc8 ./Middlewares/Third_Party/FreeRTOS/Source/tasks.o
                0x0000000008003d7c                xTaskRemoveFromEventList
 .text.vTaskInternalSetTimeOutState
                0x0000000008003e44       0x2c ./Middlewares/Third_Party/FreeRTOS/Source/tasks.o
                0x0000000008003e44                vTaskInternalSetTimeOutState
 .text.xTaskCheckForTimeOut
                0x0000000008003e70       0xc4 ./Middlewares/Third_Party/FreeRTOS/Source/tasks.o
                0x0000000008003e70                xTaskCheckForTimeOut
 .text.vTaskMissedYield
                0x0000000008003f34       0x18 ./Middlewares/Third_Party/FreeRTOS/Source/tasks.o
                0x0000000008003f34                vTaskMissedYield
 .text.prvIdleTask
                0x0000000008003f4c       0x30 ./Middlewares/Third_Party/FreeRTOS/Source/tasks.o
 .text.prvInitialiseTaskLists
                0x0000000008003f7c       0x80 ./Middlewares/Third_Party/FreeRTOS/Source/tasks.o
 .text.prvCheckTasksWaitingTermination
                0x0000000008003ffc       0x5c ./Middlewares/Third_Party/FreeRTOS/Source/tasks.o
 .text.prvDeleteTCB
                0x0000000008004058       0x5e ./Middlewares/Third_Party/FreeRTOS/Source/tasks.o
 *fill*         0x00000000080040b6        0x2 
 .text.prvResetNextTaskUnblockTime
                0x00000000080040b8       0x48 ./Middlewares/Third_Party/FreeRTOS/Source/tasks.o
 .text.xTaskGetSchedulerState
                0x0000000008004100       0x3c ./Middlewares/Third_Party/FreeRTOS/Source/tasks.o
                0x0000000008004100                xTaskGetSchedulerState
 .text.xTaskPriorityDisinherit
                0x000000000800413c       0xdc ./Middlewares/Third_Party/FreeRTOS/Source/tasks.o
                0x000000000800413c                xTaskPriorityDisinherit
 .text.prvAddCurrentTaskToDelayedList
                0x0000000008004218       0xa8 ./Middlewares/Third_Party/FreeRTOS/Source/tasks.o
 .text.xTimerCreateTimerTask
                0x00000000080042c0       0x90 ./Middlewares/Third_Party/FreeRTOS/Source/timers.o
                0x00000000080042c0                xTimerCreateTimerTask
 .text.xTimerGenericCommand
                0x0000000008004350       0x9c ./Middlewares/Third_Party/FreeRTOS/Source/timers.o
                0x0000000008004350                xTimerGenericCommand
 .text.prvProcessExpiredTimer
                0x00000000080043ec       0x80 ./Middlewares/Third_Party/FreeRTOS/Source/timers.o
 .text.prvTimerTask
                0x000000000800446c       0x24 ./Middlewares/Third_Party/FreeRTOS/Source/timers.o
 .text.prvProcessTimerOrBlockTask
                0x0000000008004490       0x9c ./Middlewares/Third_Party/FreeRTOS/Source/timers.o
 .text.prvGetNextExpireTime
                0x000000000800452c       0x48 ./Middlewares/Third_Party/FreeRTOS/Source/timers.o
 .text.prvSampleTimeNow
                0x0000000008004574       0x40 ./Middlewares/Third_Party/FreeRTOS/Source/timers.o
 .text.prvInsertTimerInActiveList
                0x00000000080045b4       0x84 ./Middlewares/Third_Party/FreeRTOS/Source/timers.o
 .text.prvProcessReceivedCommands
                0x0000000008004638      0x168 ./Middlewares/Third_Party/FreeRTOS/Source/timers.o
 .text.prvSwitchTimerLists
                0x00000000080047a0       0xc4 ./Middlewares/Third_Party/FreeRTOS/Source/timers.o
 .text.prvCheckForValidListAndQueue
                0x0000000008004864       0x80 ./Middlewares/Third_Party/FreeRTOS/Source/timers.o
 .text.pxPortInitialiseStack
                0x00000000080048e4       0x58 ./Middlewares/Third_Party/FreeRTOS/Source/portable/GCC/ARM_CM3/port.o
                0x00000000080048e4                pxPortInitialiseStack
 .text.prvTaskExitError
                0x000000000800493c       0x58 ./Middlewares/Third_Party/FreeRTOS/Source/portable/GCC/ARM_CM3/port.o
 *fill*         0x0000000008004994        0xc 
 .text.SVC_Handler
                0x00000000080049a0       0x28 ./Middlewares/Third_Party/FreeRTOS/Source/portable/GCC/ARM_CM3/port.o
                0x00000000080049a0                SVC_Handler
 .text.prvPortStartFirstTask
                0x00000000080049c8       0x20 ./Middlewares/Third_Party/FreeRTOS/Source/portable/GCC/ARM_CM3/port.o
 .text.xPortStartScheduler
                0x00000000080049e8       0xe4 ./Middlewares/Third_Party/FreeRTOS/Source/portable/GCC/ARM_CM3/port.o
                0x00000000080049e8                xPortStartScheduler
 .text.vPortEnterCritical
                0x0000000008004acc       0x60 ./Middlewares/Third_Party/FreeRTOS/Source/portable/GCC/ARM_CM3/port.o
                0x0000000008004acc                vPortEnterCritical
 .text.vPortExitCritical
                0x0000000008004b2c       0x50 ./Middlewares/Third_Party/FreeRTOS/Source/portable/GCC/ARM_CM3/port.o
                0x0000000008004b2c                vPortExitCritical
 *fill*         0x0000000008004b7c        0x4 
 .text.PendSV_Handler
                0x0000000008004b80       0x48 ./Middlewares/Third_Party/FreeRTOS/Source/portable/GCC/ARM_CM3/port.o
                0x0000000008004b80                PendSV_Handler
 .text.xPortSysTickHandler
                0x0000000008004bc8       0x44 ./Middlewares/Third_Party/FreeRTOS/Source/portable/GCC/ARM_CM3/port.o
                0x0000000008004bc8                xPortSysTickHandler
 .text.vPortSetupTimerInterrupt
                0x0000000008004c0c       0x44 ./Middlewares/Third_Party/FreeRTOS/Source/portable/GCC/ARM_CM3/port.o
                0x0000000008004c0c                vPortSetupTimerInterrupt
 .text.vPortValidateInterruptPriority
                0x0000000008004c50       0x7c ./Middlewares/Third_Party/FreeRTOS/Source/portable/GCC/ARM_CM3/port.o
                0x0000000008004c50                vPortValidateInterruptPriority
 .text.pvPortMalloc
                0x0000000008004ccc      0x188 ./Middlewares/Third_Party/FreeRTOS/Source/portable/MemMang/heap_4.o
                0x0000000008004ccc                pvPortMalloc
 .text.vPortFree
                0x0000000008004e54       0xb4 ./Middlewares/Third_Party/FreeRTOS/Source/portable/MemMang/heap_4.o
                0x0000000008004e54                vPortFree
 .text.prvHeapInit
                0x0000000008004f08       0xc4 ./Middlewares/Third_Party/FreeRTOS/Source/portable/MemMang/heap_4.o
 .text.prvInsertBlockIntoFreeList
                0x0000000008004fcc       0xb0 ./Middlewares/Third_Party/FreeRTOS/Source/portable/MemMang/heap_4.o
 .text.__libc_init_array
                0x000000000800507c       0x48 c:/st/stm32cubeide_1.7.0/stm32cubeide/plugins/com.st.stm32cube.ide.mcu.externaltools.gnu-tools-for-stm32.10.3-2021.10.win32_1.0.0.202111181127/tools/bin/../lib/gcc/arm-none-eabi/10.3.1/../../../../arm-none-eabi/lib/thumb/v7-m/nofp\libc_nano.a(lib_a-init.o)
                0x000000000800507c                __libc_init_array
 .text.memcpy   0x00000000080050c4       0x1c c:/st/stm32cubeide_1.7.0/stm32cubeide/plugins/com.st.stm32cube.ide.mcu.externaltools.gnu-tools-for-stm32.10.3-2021.10.win32_1.0.0.202111181127/tools/bin/../lib/gcc/arm-none-eabi/10.3.1/../../../../arm-none-eabi/lib/thumb/v7-m/nofp\libc_nano.a(lib_a-memcpy-stub.o)
                0x00000000080050c4                memcpy
 .text.memset   0x00000000080050e0       0x10 c:/st/stm32cubeide_1.7.0/stm32cubeide/plugins/com.st.stm32cube.ide.mcu.externaltools.gnu-tools-for-stm32.10.3-2021.10.win32_1.0.0.202111181127/tools/bin/../lib/gcc/arm-none-eabi/10.3.1/../../../../arm-none-eabi/lib/thumb/v7-m/nofp\libc_nano.a(lib_a-memset.o)
                0x00000000080050e0                memset
 *(.glue_7)
 .glue_7        0x00000000080050f0        0x0 linker stubs
 *(.glue_7t)
 .glue_7t       0x00000000080050f0        0x0 linker stubs
 *(.eh_frame)
 .eh_frame      0x00000000080050f0        0x0 c:/st/stm32cubeide_1.7.0/stm32cubeide/plugins/com.st.stm32cube.ide.mcu.externaltools.gnu-tools-for-stm32.10.3-2021.10.win32_1.0.0.202111181127/tools/bin/../lib/gcc/arm-none-eabi/10.3.1/thumb/v7-m/nofp/crtbegin.o
 *(.init)
 .init          0x00000000080050f0        0x4 c:/st/stm32cubeide_1.7.0/stm32cubeide/plugins/com.st.stm32cube.ide.mcu.externaltools.gnu-tools-for-stm32.10.3-2021.10.win32_1.0.0.202111181127/tools/bin/../lib/gcc/arm-none-eabi/10.3.1/thumb/v7-m/nofp/crti.o
                0x00000000080050f0                _init
 .init          0x00000000080050f4        0x8 c:/st/stm32cubeide_1.7.0/stm32cubeide/plugins/com.st.stm32cube.ide.mcu.externaltools.gnu-tools-for-stm32.10.3-2021.10.win32_1.0.0.202111181127/tools/bin/../lib/gcc/arm-none-eabi/10.3.1/thumb/v7-m/nofp/crtn.o
 *(.fini)
 .fini          0x00000000080050fc        0x4 c:/st/stm32cubeide_1.7.0/stm32cubeide/plugins/com.st.stm32cube.ide.mcu.externaltools.gnu-tools-for-stm32.10.3-2021.10.win32_1.0.0.202111181127/tools/bin/../lib/gcc/arm-none-eabi/10.3.1/thumb/v7-m/nofp/crti.o
                0x00000000080050fc                _fini
 .fini          0x0000000008005100        0x8 c:/st/stm32cubeide_1.7.0/stm32cubeide/plugins/com.st.stm32cube.ide.mcu.externaltools.gnu-tools-for-stm32.10.3-2021.10.win32_1.0.0.202111181127/tools/bin/../lib/gcc/arm-none-eabi/10.3.1/thumb/v7-m/nofp/crtn.o
                0x0000000008005108                . = ALIGN (0x4)
                0x0000000008005108                _etext = .

.vfp11_veneer   0x0000000008005108        0x0
 .vfp11_veneer  0x0000000008005108        0x0 linker stubs

.v4_bx          0x0000000008005108        0x0
 .v4_bx         0x0000000008005108        0x0 linker stubs

.iplt           0x0000000008005108        0x0
 .iplt          0x0000000008005108        0x0 c:/st/stm32cubeide_1.7.0/stm32cubeide/plugins/com.st.stm32cube.ide.mcu.externaltools.gnu-tools-for-stm32.10.3-2021.10.win32_1.0.0.202111181127/tools/bin/../lib/gcc/arm-none-eabi/10.3.1/thumb/v7-m/nofp/crtbegin.o

.rodata         0x0000000008005108       0xd0
                0x0000000008005108                . = ALIGN (0x4)
 *(.rodata)
 .rodata        0x0000000008005108       0x23 ./Core/Src/freertos.o
 *fill*         0x000000000800512b        0x1 
 .rodata        0x000000000800512c       0x10 ./Drivers/STM32F1xx_HAL_Driver/Src/stm32f1xx_hal_rcc.o
 .rodata        0x000000000800513c        0x5 ./Middlewares/Third_Party/FreeRTOS/Source/tasks.o
 *fill*         0x0000000008005141        0x3 
 .rodata        0x0000000008005144        0xd ./Middlewares/Third_Party/FreeRTOS/Source/timers.o
 *(.rodata*)
 *fill*         0x0000000008005151        0x3 
 .rodata.defaultTask_attributes
                0x0000000008005154       0x24 ./Core/Src/freertos.o
                0x0000000008005154                defaultTask_attributes
 .rodata.uart_task1_attributes
                0x0000000008005178       0x24 ./Core/Src/freertos.o
                0x0000000008005178                uart_task1_attributes
 .rodata.uart_task2_attributes
                0x000000000800519c       0x24 ./Core/Src/freertos.o
                0x000000000800519c                uart_task2_attributes
 .rodata.AHBPrescTable
                0x00000000080051c0       0x10 ./Core/Src/system_stm32f1xx.o
                0x00000000080051c0                AHBPrescTable
 .rodata.APBPrescTable
                0x00000000080051d0        0x8 ./Core/Src/system_stm32f1xx.o
                0x00000000080051d0                APBPrescTable
                0x00000000080051d8                . = ALIGN (0x4)

.rel.dyn        0x00000000080051d8        0x0
 .rel.iplt      0x00000000080051d8        0x0 c:/st/stm32cubeide_1.7.0/stm32cubeide/plugins/com.st.stm32cube.ide.mcu.externaltools.gnu-tools-for-stm32.10.3-2021.10.win32_1.0.0.202111181127/tools/bin/../lib/gcc/arm-none-eabi/10.3.1/thumb/v7-m/nofp/crtbegin.o

.ARM.extab      0x00000000080051d8        0x0
                0x00000000080051d8                . = ALIGN (0x4)
 *(.ARM.extab* .gnu.linkonce.armextab.*)
                0x00000000080051d8                . = ALIGN (0x4)

.ARM            0x00000000080051d8        0x0
                0x00000000080051d8                . = ALIGN (0x4)
                0x00000000080051d8                __exidx_start = .
 *(.ARM.exidx*)
                0x00000000080051d8                __exidx_end = .
                0x00000000080051d8                . = ALIGN (0x4)

.preinit_array  0x00000000080051d8        0x0
                0x00000000080051d8                . = ALIGN (0x4)
                0x00000000080051d8                PROVIDE (__preinit_array_start = .)
 *(.preinit_array*)
                0x00000000080051d8                PROVIDE (__preinit_array_end = .)
                0x00000000080051d8                . = ALIGN (0x4)

.init_array     0x00000000080051d8        0x4
                0x00000000080051d8                . = ALIGN (0x4)
                0x00000000080051d8                PROVIDE (__init_array_start = .)
 *(SORT_BY_NAME(.init_array.*))
 *(.init_array*)
 .init_array    0x00000000080051d8        0x4 c:/st/stm32cubeide_1.7.0/stm32cubeide/plugins/com.st.stm32cube.ide.mcu.externaltools.gnu-tools-for-stm32.10.3-2021.10.win32_1.0.0.202111181127/tools/bin/../lib/gcc/arm-none-eabi/10.3.1/thumb/v7-m/nofp/crtbegin.o
                0x00000000080051dc                PROVIDE (__init_array_end = .)
                0x00000000080051dc                . = ALIGN (0x4)

.fini_array     0x00000000080051dc        0x4
                0x00000000080051dc                . = ALIGN (0x4)
                [!provide]                        PROVIDE (__fini_array_start = .)
 *(SORT_BY_NAME(.fini_array.*))
 *(.fini_array*)
 .fini_array    0x00000000080051dc        0x4 c:/st/stm32cubeide_1.7.0/stm32cubeide/plugins/com.st.stm32cube.ide.mcu.externaltools.gnu-tools-for-stm32.10.3-2021.10.win32_1.0.0.202111181127/tools/bin/../lib/gcc/arm-none-eabi/10.3.1/thumb/v7-m/nofp/crtbegin.o
                [!provide]                        PROVIDE (__fini_array_end = .)
                0x00000000080051e0                . = ALIGN (0x4)
                0x00000000080051e0                _sidata = LOADADDR (.data)

.data           0x0000000020000000       0x18 load address 0x00000000080051e0
                0x0000000020000000                . = ALIGN (0x4)
                0x0000000020000000                _sdata = .
 *(.data)
 *(.data*)
 .data.SendMsg  0x0000000020000000        0x8 ./Core/Src/freertos.o
                0x0000000020000000                SendMsg
 .data.SystemCoreClock
                0x0000000020000008        0x4 ./Core/Src/system_stm32f1xx.o
                0x0000000020000008                SystemCoreClock
 .data.uwTickPrio
                0x000000002000000c        0x4 ./Drivers/STM32F1xx_HAL_Driver/Src/stm32f1xx_hal.o
                0x000000002000000c                uwTickPrio
 .data.uwTickFreq
                0x0000000020000010        0x1 ./Drivers/STM32F1xx_HAL_Driver/Src/stm32f1xx_hal.o
                0x0000000020000010                uwTickFreq
 *fill*         0x0000000020000011        0x3 
 .data.uxCriticalNesting
                0x0000000020000014        0x4 ./Middlewares/Third_Party/FreeRTOS/Source/portable/GCC/ARM_CM3/port.o
 *(.RamFunc)
 *(.RamFunc*)
                0x0000000020000018                . = ALIGN (0x4)
                0x0000000020000018                _edata = .

.igot.plt       0x0000000020000018        0x0 load address 0x00000000080051f8
 .igot.plt      0x0000000020000018        0x0 c:/st/stm32cubeide_1.7.0/stm32cubeide/plugins/com.st.stm32cube.ide.mcu.externaltools.gnu-tools-for-stm32.10.3-2021.10.win32_1.0.0.202111181127/tools/bin/../lib/gcc/arm-none-eabi/10.3.1/thumb/v7-m/nofp/crtbegin.o
                0x0000000020000018                . = ALIGN (0x4)

.bss            0x0000000020000018     0x1a2c load address 0x00000000080051f8
                0x0000000020000018                _sbss = .
                0x0000000020000018                __bss_start__ = _sbss
 *(.bss)
 .bss           0x0000000020000018       0x1c c:/st/stm32cubeide_1.7.0/stm32cubeide/plugins/com.st.stm32cube.ide.mcu.externaltools.gnu-tools-for-stm32.10.3-2021.10.win32_1.0.0.202111181127/tools/bin/../lib/gcc/arm-none-eabi/10.3.1/thumb/v7-m/nofp/crtbegin.o
 *(.bss*)
 .bss.TxMsg     0x0000000020000034       0x24 ./Core/Src/bsp_can.o
                0x0000000020000034                TxMsg
 .bss.RxMsg     0x0000000020000058       0x24 ./Core/Src/bsp_can.o
                0x0000000020000058                RxMsg
 .bss.rcvdFlag  0x000000002000007c        0x1 ./Core/Src/bsp_can.o
                0x000000002000007c                rcvdFlag
 *fill*         0x000000002000007d        0x3 
 .bss.hcan      0x0000000020000080       0x28 ./Core/Src/can.o
                0x0000000020000080                hcan
 .bss.defaultTaskHandle
                0x00000000200000a8        0x4 ./Core/Src/freertos.o
                0x00000000200000a8                defaultTaskHandle
 .bss.uart_task1Handle
                0x00000000200000ac        0x4 ./Core/Src/freertos.o
                0x00000000200000ac                uart_task1Handle
 .bss.uart_task2Handle
                0x00000000200000b0        0x4 ./Core/Src/freertos.o
                0x00000000200000b0                uart_task2Handle
 .bss.huart1    0x00000000200000b4       0x44 ./Core/Src/usart.o
                0x00000000200000b4                huart1
 .bss.uwTick    0x00000000200000f8        0x4 ./Drivers/STM32F1xx_HAL_Driver/Src/stm32f1xx_hal.o
                0x00000000200000f8                uwTick
 .bss.KernelState
                0x00000000200000fc        0x4 ./Middlewares/Third_Party/FreeRTOS/Source/CMSIS_RTOS_V2/cmsis_os2.o
 .bss.Idle_TCB  0x0000000020000100       0x5c ./Middlewares/Third_Party/FreeRTOS/Source/CMSIS_RTOS_V2/cmsis_os2.o
 .bss.Idle_Stack
                0x000000002000015c      0x200 ./Middlewares/Third_Party/FreeRTOS/Source/CMSIS_RTOS_V2/cmsis_os2.o
 .bss.Timer_TCB
                0x000000002000035c       0x5c ./Middlewares/Third_Party/FreeRTOS/Source/CMSIS_RTOS_V2/cmsis_os2.o
 .bss.Timer_Stack
                0x00000000200003b8      0x400 ./Middlewares/Third_Party/FreeRTOS/Source/CMSIS_RTOS_V2/cmsis_os2.o
 .bss.xQueueRegistry
                0x00000000200007b8       0x40 ./Middlewares/Third_Party/FreeRTOS/Source/queue.o
                0x00000000200007b8                xQueueRegistry
 .bss.pxCurrentTCB
                0x00000000200007f8        0x4 ./Middlewares/Third_Party/FreeRTOS/Source/tasks.o
                0x00000000200007f8                pxCurrentTCB
 .bss.pxReadyTasksLists
                0x00000000200007fc      0x460 ./Middlewares/Third_Party/FreeRTOS/Source/tasks.o
 .bss.xDelayedTaskList1
                0x0000000020000c5c       0x14 ./Middlewares/Third_Party/FreeRTOS/Source/tasks.o
 .bss.xDelayedTaskList2
                0x0000000020000c70       0x14 ./Middlewares/Third_Party/FreeRTOS/Source/tasks.o
 .bss.pxDelayedTaskList
                0x0000000020000c84        0x4 ./Middlewares/Third_Party/FreeRTOS/Source/tasks.o
 .bss.pxOverflowDelayedTaskList
                0x0000000020000c88        0x4 ./Middlewares/Third_Party/FreeRTOS/Source/tasks.o
 .bss.xPendingReadyList
                0x0000000020000c8c       0x14 ./Middlewares/Third_Party/FreeRTOS/Source/tasks.o
 .bss.xTasksWaitingTermination
                0x0000000020000ca0       0x14 ./Middlewares/Third_Party/FreeRTOS/Source/tasks.o
 .bss.uxDeletedTasksWaitingCleanUp
                0x0000000020000cb4        0x4 ./Middlewares/Third_Party/FreeRTOS/Source/tasks.o
 .bss.xSuspendedTaskList
                0x0000000020000cb8       0x14 ./Middlewares/Third_Party/FreeRTOS/Source/tasks.o
 .bss.uxCurrentNumberOfTasks
                0x0000000020000ccc        0x4 ./Middlewares/Third_Party/FreeRTOS/Source/tasks.o
 .bss.xTickCount
                0x0000000020000cd0        0x4 ./Middlewares/Third_Party/FreeRTOS/Source/tasks.o
 .bss.uxTopReadyPriority
                0x0000000020000cd4        0x4 ./Middlewares/Third_Party/FreeRTOS/Source/tasks.o
 .bss.xSchedulerRunning
                0x0000000020000cd8        0x4 ./Middlewares/Third_Party/FreeRTOS/Source/tasks.o
 .bss.uxPendedTicks
                0x0000000020000cdc        0x4 ./Middlewares/Third_Party/FreeRTOS/Source/tasks.o
 .bss.xYieldPending
                0x0000000020000ce0        0x4 ./Middlewares/Third_Party/FreeRTOS/Source/tasks.o
 .bss.xNumOfOverflows
                0x0000000020000ce4        0x4 ./Middlewares/Third_Party/FreeRTOS/Source/tasks.o
 .bss.uxTaskNumber
                0x0000000020000ce8        0x4 ./Middlewares/Third_Party/FreeRTOS/Source/tasks.o
 .bss.xNextTaskUnblockTime
                0x0000000020000cec        0x4 ./Middlewares/Third_Party/FreeRTOS/Source/tasks.o
 .bss.xIdleTaskHandle
                0x0000000020000cf0        0x4 ./Middlewares/Third_Party/FreeRTOS/Source/tasks.o
 .bss.uxSchedulerSuspended
                0x0000000020000cf4        0x4 ./Middlewares/Third_Party/FreeRTOS/Source/tasks.o
 .bss.xActiveTimerList1
                0x0000000020000cf8       0x14 ./Middlewares/Third_Party/FreeRTOS/Source/timers.o
 .bss.xActiveTimerList2
                0x0000000020000d0c       0x14 ./Middlewares/Third_Party/FreeRTOS/Source/timers.o
 .bss.pxCurrentTimerList
                0x0000000020000d20        0x4 ./Middlewares/Third_Party/FreeRTOS/Source/timers.o
 .bss.pxOverflowTimerList
                0x0000000020000d24        0x4 ./Middlewares/Third_Party/FreeRTOS/Source/timers.o
 .bss.xTimerQueue
                0x0000000020000d28        0x4 ./Middlewares/Third_Party/FreeRTOS/Source/timers.o
 .bss.xTimerTaskHandle
                0x0000000020000d2c        0x4 ./Middlewares/Third_Party/FreeRTOS/Source/timers.o
 .bss.xLastTime.2
                0x0000000020000d30        0x4 ./Middlewares/Third_Party/FreeRTOS/Source/timers.o
 .bss.ucStaticTimerQueueStorage.1
                0x0000000020000d34       0xa0 ./Middlewares/Third_Party/FreeRTOS/Source/timers.o
 .bss.xStaticTimerQueue.0
                0x0000000020000dd4       0x50 ./Middlewares/Third_Party/FreeRTOS/Source/timers.o
 .bss.ucMaxSysCallPriority
                0x0000000020000e24        0x1 ./Middlewares/Third_Party/FreeRTOS/Source/portable/GCC/ARM_CM3/port.o
 *fill*         0x0000000020000e25        0x3 
 .bss.ulMaxPRIGROUPValue
                0x0000000020000e28        0x4 ./Middlewares/Third_Party/FreeRTOS/Source/portable/GCC/ARM_CM3/port.o
 .bss.ucHeap    0x0000000020000e2c      0xc00 ./Middlewares/Third_Party/FreeRTOS/Source/portable/MemMang/heap_4.o
 .bss.xStart    0x0000000020001a2c        0x8 ./Middlewares/Third_Party/FreeRTOS/Source/portable/MemMang/heap_4.o
 .bss.pxEnd     0x0000000020001a34        0x4 ./Middlewares/Third_Party/FreeRTOS/Source/portable/MemMang/heap_4.o
 .bss.xFreeBytesRemaining
                0x0000000020001a38        0x4 ./Middlewares/Third_Party/FreeRTOS/Source/portable/MemMang/heap_4.o
 .bss.xMinimumEverFreeBytesRemaining
                0x0000000020001a3c        0x4 ./Middlewares/Third_Party/FreeRTOS/Source/portable/MemMang/heap_4.o
 .bss.xBlockAllocatedBit
                0x0000000020001a40        0x4 ./Middlewares/Third_Party/FreeRTOS/Source/portable/MemMang/heap_4.o
 *(COMMON)
                0x0000000020001a44                . = ALIGN (0x4)
                0x0000000020001a44                _ebss = .
                0x0000000020001a44                __bss_end__ = _ebss

._user_heap_stack
                0x0000000020001a44      0x604 load address 0x00000000080051f8
                0x0000000020001a48                . = ALIGN (0x8)
 *fill*         0x0000000020001a44        0x4 
                [!provide]                        PROVIDE (end = .)
                0x0000000020001a48                PROVIDE (_end = .)
                0x0000000020001c48                . = (. + _Min_Heap_Size)
 *fill*         0x0000000020001a48      0x200 
                0x0000000020002048                . = (. + _Min_Stack_Size)
 *fill*         0x0000000020001c48      0x400 
                0x0000000020002048                . = ALIGN (0x8)

/DISCARD/
 libc.a(*)
 libm.a(*)
 libgcc.a(*)

.ARM.attributes
                0x0000000000000000       0x29
 *(.ARM.attributes)
 .ARM.attributes
                0x0000000000000000       0x1d c:/st/stm32cubeide_1.7.0/stm32cubeide/plugins/com.st.stm32cube.ide.mcu.externaltools.gnu-tools-for-stm32.10.3-2021.10.win32_1.0.0.202111181127/tools/bin/../lib/gcc/arm-none-eabi/10.3.1/thumb/v7-m/nofp/crti.o
 .ARM.attributes
                0x000000000000001d       0x2d c:/st/stm32cubeide_1.7.0/stm32cubeide/plugins/com.st.stm32cube.ide.mcu.externaltools.gnu-tools-for-stm32.10.3-2021.10.win32_1.0.0.202111181127/tools/bin/../lib/gcc/arm-none-eabi/10.3.1/thumb/v7-m/nofp/crtbegin.o
 .ARM.attributes
                0x000000000000004a       0x2d ./Core/Src/bsp_can.o
 .ARM.attributes
                0x0000000000000077       0x2d ./Core/Src/can.o
 .ARM.attributes
                0x00000000000000a4       0x2d ./Core/Src/freertos.o
 .ARM.attributes
                0x00000000000000d1       0x2d ./Core/Src/gpio.o
 .ARM.attributes
                0x00000000000000fe       0x2d ./Core/Src/main.o
 .ARM.attributes
                0x000000000000012b       0x2d ./Core/Src/stm32f1xx_hal_msp.o
 .ARM.attributes
                0x0000000000000158       0x2d ./Core/Src/stm32f1xx_it.o
 .ARM.attributes
                0x0000000000000185       0x2d ./Core/Src/system_stm32f1xx.o
 .ARM.attributes
                0x00000000000001b2       0x2d ./Core/Src/usart.o
 .ARM.attributes
                0x00000000000001df       0x21 ./Core/Startup/startup_stm32f103c8tx.o
 .ARM.attributes
                0x0000000000000200       0x2d ./Drivers/STM32F1xx_HAL_Driver/Src/stm32f1xx_hal.o
 .ARM.attributes
                0x000000000000022d       0x2d ./Drivers/STM32F1xx_HAL_Driver/Src/stm32f1xx_hal_can.o
 .ARM.attributes
                0x000000000000025a       0x2d ./Drivers/STM32F1xx_HAL_Driver/Src/stm32f1xx_hal_cortex.o
 .ARM.attributes
                0x0000000000000287       0x2d ./Drivers/STM32F1xx_HAL_Driver/Src/stm32f1xx_hal_gpio.o
 .ARM.attributes
                0x00000000000002b4       0x2d ./Drivers/STM32F1xx_HAL_Driver/Src/stm32f1xx_hal_rcc.o
 .ARM.attributes
                0x00000000000002e1       0x2d ./Drivers/STM32F1xx_HAL_Driver/Src/stm32f1xx_hal_uart.o
 .ARM.attributes
                0x000000000000030e       0x2d ./Middlewares/Third_Party/FreeRTOS/Source/CMSIS_RTOS_V2/cmsis_os2.o
 .ARM.attributes
                0x000000000000033b       0x2d ./Middlewares/Third_Party/FreeRTOS/Source/list.o
 .ARM.attributes
                0x0000000000000368       0x2d ./Middlewares/Third_Party/FreeRTOS/Source/queue.o
 .ARM.attributes
                0x0000000000000395       0x2d ./Middlewares/Third_Party/FreeRTOS/Source/tasks.o
 .ARM.attributes
                0x00000000000003c2       0x2d ./Middlewares/Third_Party/FreeRTOS/Source/timers.o
 .ARM.attributes
                0x00000000000003ef       0x2d ./Middlewares/Third_Party/FreeRTOS/Source/portable/GCC/ARM_CM3/port.o
 .ARM.attributes
                0x000000000000041c       0x2d ./Middlewares/Third_Party/FreeRTOS/Source/portable/MemMang/heap_4.o
 .ARM.attributes
                0x0000000000000449       0x2d c:/st/stm32cubeide_1.7.0/stm32cubeide/plugins/com.st.stm32cube.ide.mcu.externaltools.gnu-tools-for-stm32.10.3-2021.10.win32_1.0.0.202111181127/tools/bin/../lib/gcc/arm-none-eabi/10.3.1/../../../../arm-none-eabi/lib/thumb/v7-m/nofp\libc_nano.a(lib_a-init.o)
 .ARM.attributes
                0x0000000000000476       0x2d c:/st/stm32cubeide_1.7.0/stm32cubeide/plugins/com.st.stm32cube.ide.mcu.externaltools.gnu-tools-for-stm32.10.3-2021.10.win32_1.0.0.202111181127/tools/bin/../lib/gcc/arm-none-eabi/10.3.1/../../../../arm-none-eabi/lib/thumb/v7-m/nofp\libc_nano.a(lib_a-memcpy-stub.o)
 .ARM.attributes
                0x00000000000004a3       0x2d c:/st/stm32cubeide_1.7.0/stm32cubeide/plugins/com.st.stm32cube.ide.mcu.externaltools.gnu-tools-for-stm32.10.3-2021.10.win32_1.0.0.202111181127/tools/bin/../lib/gcc/arm-none-eabi/10.3.1/../../../../arm-none-eabi/lib/thumb/v7-m/nofp\libc_nano.a(lib_a-memset.o)
 .ARM.attributes
                0x00000000000004d0       0x1d c:/st/stm32cubeide_1.7.0/stm32cubeide/plugins/com.st.stm32cube.ide.mcu.externaltools.gnu-tools-for-stm32.10.3-2021.10.win32_1.0.0.202111181127/tools/bin/../lib/gcc/arm-none-eabi/10.3.1/thumb/v7-m/nofp/crtn.o
OUTPUT(C8T6-CAN.elf elf32-littlearm)
LOAD linker stubs
LOAD c:/st/stm32cubeide_1.7.0/stm32cubeide/plugins/com.st.stm32cube.ide.mcu.externaltools.gnu-tools-for-stm32.10.3-2021.10.win32_1.0.0.202111181127/tools/bin/../lib/gcc/arm-none-eabi/10.3.1/../../../../arm-none-eabi/lib/thumb/v7-m/nofp\libc.a
LOAD c:/st/stm32cubeide_1.7.0/stm32cubeide/plugins/com.st.stm32cube.ide.mcu.externaltools.gnu-tools-for-stm32.10.3-2021.10.win32_1.0.0.202111181127/tools/bin/../lib/gcc/arm-none-eabi/10.3.1/../../../../arm-none-eabi/lib/thumb/v7-m/nofp\libm.a
LOAD c:/st/stm32cubeide_1.7.0/stm32cubeide/plugins/com.st.stm32cube.ide.mcu.externaltools.gnu-tools-for-stm32.10.3-2021.10.win32_1.0.0.202111181127/tools/bin/../lib/gcc/arm-none-eabi/10.3.1/thumb/v7-m/nofp\libgcc.a

.debug_info     0x0000000000000000    0x11af3
 .debug_info    0x0000000000000000      0x82b ./Core/Src/bsp_can.o
 .debug_info    0x000000000000082b      0x8c8 ./Core/Src/can.o
 .debug_info    0x00000000000010f3      0xbe7 ./Core/Src/freertos.o
 .debug_info    0x0000000000001cda      0x30b ./Core/Src/gpio.o
 .debug_info    0x0000000000001fe5      0x779 ./Core/Src/main.o
 .debug_info    0x000000000000275e      0x380 ./Core/Src/stm32f1xx_hal_msp.o
 .debug_info    0x0000000000002ade      0x54a ./Core/Src/stm32f1xx_it.o
 .debug_info    0x0000000000003028      0x23d ./Core/Src/system_stm32f1xx.o
 .debug_info    0x0000000000003265      0x7e2 ./Core/Src/usart.o
 .debug_info    0x0000000000003a47       0x22 ./Core/Startup/startup_stm32f103c8tx.o
 .debug_info    0x0000000000003a69      0x734 ./Drivers/STM32F1xx_HAL_Driver/Src/stm32f1xx_hal.o
 .debug_info    0x000000000000419d      0xfb8 ./Drivers/STM32F1xx_HAL_Driver/Src/stm32f1xx_hal_can.o
 .debug_info    0x0000000000005155      0xb20 ./Drivers/STM32F1xx_HAL_Driver/Src/stm32f1xx_hal_cortex.o
 .debug_info    0x0000000000005c75      0x615 ./Drivers/STM32F1xx_HAL_Driver/Src/stm32f1xx_hal_gpio.o
 .debug_info    0x000000000000628a      0x860 ./Drivers/STM32F1xx_HAL_Driver/Src/stm32f1xx_hal_rcc.o
 .debug_info    0x0000000000006aea     0x15d8 ./Drivers/STM32F1xx_HAL_Driver/Src/stm32f1xx_hal_uart.o
 .debug_info    0x00000000000080c2     0x3bef ./Middlewares/Third_Party/FreeRTOS/Source/CMSIS_RTOS_V2/cmsis_os2.o
 .debug_info    0x000000000000bcb1      0x2cb ./Middlewares/Third_Party/FreeRTOS/Source/list.o
 .debug_info    0x000000000000bf7c     0x1bf9 ./Middlewares/Third_Party/FreeRTOS/Source/queue.o
 .debug_info    0x000000000000db75     0x224a ./Middlewares/Third_Party/FreeRTOS/Source/tasks.o
 .debug_info    0x000000000000fdbf     0x1495 ./Middlewares/Third_Party/FreeRTOS/Source/timers.o
 .debug_info    0x0000000000011254      0x4b7 ./Middlewares/Third_Party/FreeRTOS/Source/portable/GCC/ARM_CM3/port.o
 .debug_info    0x000000000001170b      0x3e8 ./Middlewares/Third_Party/FreeRTOS/Source/portable/MemMang/heap_4.o

.debug_abbrev   0x0000000000000000     0x30ff
 .debug_abbrev  0x0000000000000000      0x1fc ./Core/Src/bsp_can.o
 .debug_abbrev  0x00000000000001fc      0x230 ./Core/Src/can.o
 .debug_abbrev  0x000000000000042c      0x1f1 ./Core/Src/freertos.o
 .debug_abbrev  0x000000000000061d      0x134 ./Core/Src/gpio.o
 .debug_abbrev  0x0000000000000751      0x223 ./Core/Src/main.o
 .debug_abbrev  0x0000000000000974      0x115 ./Core/Src/stm32f1xx_hal_msp.o
 .debug_abbrev  0x0000000000000a89      0x1ab ./Core/Src/stm32f1xx_it.o
 .debug_abbrev  0x0000000000000c34      0x13b ./Core/Src/system_stm32f1xx.o
 .debug_abbrev  0x0000000000000d6f      0x1ce ./Core/Src/usart.o
 .debug_abbrev  0x0000000000000f3d       0x12 ./Core/Startup/startup_stm32f103c8tx.o
 .debug_abbrev  0x0000000000000f4f      0x1fb ./Drivers/STM32F1xx_HAL_Driver/Src/stm32f1xx_hal.o
 .debug_abbrev  0x000000000000114a      0x21d ./Drivers/STM32F1xx_HAL_Driver/Src/stm32f1xx_hal_can.o
 .debug_abbrev  0x0000000000001367      0x2ed ./Drivers/STM32F1xx_HAL_Driver/Src/stm32f1xx_hal_cortex.o
 .debug_abbrev  0x0000000000001654      0x1bb ./Drivers/STM32F1xx_HAL_Driver/Src/stm32f1xx_hal_gpio.o
 .debug_abbrev  0x000000000000180f      0x2a8 ./Drivers/STM32F1xx_HAL_Driver/Src/stm32f1xx_hal_rcc.o
 .debug_abbrev  0x0000000000001ab7      0x278 ./Drivers/STM32F1xx_HAL_Driver/Src/stm32f1xx_hal_uart.o
 .debug_abbrev  0x0000000000001d2f      0x414 ./Middlewares/Third_Party/FreeRTOS/Source/CMSIS_RTOS_V2/cmsis_os2.o
 .debug_abbrev  0x0000000000002143       0xf2 ./Middlewares/Third_Party/FreeRTOS/Source/list.o
 .debug_abbrev  0x0000000000002235      0x3ba ./Middlewares/Third_Party/FreeRTOS/Source/queue.o
 .debug_abbrev  0x00000000000025ef      0x37d ./Middlewares/Third_Party/FreeRTOS/Source/tasks.o
 .debug_abbrev  0x000000000000296c      0x33d ./Middlewares/Third_Party/FreeRTOS/Source/timers.o
 .debug_abbrev  0x0000000000002ca9      0x257 ./Middlewares/Third_Party/FreeRTOS/Source/portable/GCC/ARM_CM3/port.o
 .debug_abbrev  0x0000000000002f00      0x1ff ./Middlewares/Third_Party/FreeRTOS/Source/portable/MemMang/heap_4.o

.debug_aranges  0x0000000000000000      0xf40
 .debug_aranges
                0x0000000000000000       0x30 ./Core/Src/bsp_can.o
 .debug_aranges
                0x0000000000000030       0x30 ./Core/Src/can.o
 .debug_aranges
                0x0000000000000060       0x38 ./Core/Src/freertos.o
 .debug_aranges
                0x0000000000000098       0x20 ./Core/Src/gpio.o
 .debug_aranges
                0x00000000000000b8       0x30 ./Core/Src/main.o
 .debug_aranges
                0x00000000000000e8       0x20 ./Core/Src/stm32f1xx_hal_msp.o
 .debug_aranges
                0x0000000000000108       0x58 ./Core/Src/stm32f1xx_it.o
 .debug_aranges
                0x0000000000000160       0x28 ./Core/Src/system_stm32f1xx.o
 .debug_aranges
                0x0000000000000188       0x30 ./Core/Src/usart.o
 .debug_aranges
                0x00000000000001b8       0x28 ./Core/Startup/startup_stm32f103c8tx.o
 .debug_aranges
                0x00000000000001e0       0xe0 ./Drivers/STM32F1xx_HAL_Driver/Src/stm32f1xx_hal.o
 .debug_aranges
                0x00000000000002c0      0x138 ./Drivers/STM32F1xx_HAL_Driver/Src/stm32f1xx_hal_can.o
 .debug_aranges
                0x00000000000003f8      0x100 ./Drivers/STM32F1xx_HAL_Driver/Src/stm32f1xx_hal_cortex.o
 .debug_aranges
                0x00000000000004f8       0x58 ./Drivers/STM32F1xx_HAL_Driver/Src/stm32f1xx_hal_gpio.o
 .debug_aranges
                0x0000000000000550       0x90 ./Drivers/STM32F1xx_HAL_Driver/Src/stm32f1xx_hal_rcc.o
 .debug_aranges
                0x00000000000005e0      0x200 ./Drivers/STM32F1xx_HAL_Driver/Src/stm32f1xx_hal_uart.o
 .debug_aranges
                0x00000000000007e0      0x228 ./Middlewares/Third_Party/FreeRTOS/Source/CMSIS_RTOS_V2/cmsis_os2.o
 .debug_aranges
                0x0000000000000a08       0x40 ./Middlewares/Third_Party/FreeRTOS/Source/list.o
 .debug_aranges
                0x0000000000000a48      0x158 ./Middlewares/Third_Party/FreeRTOS/Source/queue.o
 .debug_aranges
                0x0000000000000ba0      0x1f8 ./Middlewares/Third_Party/FreeRTOS/Source/tasks.o
 .debug_aranges
                0x0000000000000d98       0xe0 ./Middlewares/Third_Party/FreeRTOS/Source/timers.o
 .debug_aranges
                0x0000000000000e78       0x78 ./Middlewares/Third_Party/FreeRTOS/Source/portable/GCC/ARM_CM3/port.o
 .debug_aranges
                0x0000000000000ef0       0x50 ./Middlewares/Third_Party/FreeRTOS/Source/portable/MemMang/heap_4.o

.debug_ranges   0x0000000000000000      0xe08
 .debug_ranges  0x0000000000000000       0x20 ./Core/Src/bsp_can.o
 .debug_ranges  0x0000000000000020       0x20 ./Core/Src/can.o
 .debug_ranges  0x0000000000000040       0x28 ./Core/Src/freertos.o
 .debug_ranges  0x0000000000000068       0x10 ./Core/Src/gpio.o
 .debug_ranges  0x0000000000000078       0x20 ./Core/Src/main.o
 .debug_ranges  0x0000000000000098       0x10 ./Core/Src/stm32f1xx_hal_msp.o
 .debug_ranges  0x00000000000000a8       0x48 ./Core/Src/stm32f1xx_it.o
 .debug_ranges  0x00000000000000f0       0x18 ./Core/Src/system_stm32f1xx.o
 .debug_ranges  0x0000000000000108       0x20 ./Core/Src/usart.o
 .debug_ranges  0x0000000000000128       0x20 ./Core/Startup/startup_stm32f103c8tx.o
 .debug_ranges  0x0000000000000148       0xd0 ./Drivers/STM32F1xx_HAL_Driver/Src/stm32f1xx_hal.o
 .debug_ranges  0x0000000000000218      0x128 ./Drivers/STM32F1xx_HAL_Driver/Src/stm32f1xx_hal_can.o
 .debug_ranges  0x0000000000000340       0xf0 ./Drivers/STM32F1xx_HAL_Driver/Src/stm32f1xx_hal_cortex.o
 .debug_ranges  0x0000000000000430       0x48 ./Drivers/STM32F1xx_HAL_Driver/Src/stm32f1xx_hal_gpio.o
 .debug_ranges  0x0000000000000478       0x80 ./Drivers/STM32F1xx_HAL_Driver/Src/stm32f1xx_hal_rcc.o
 .debug_ranges  0x00000000000004f8      0x220 ./Drivers/STM32F1xx_HAL_Driver/Src/stm32f1xx_hal_uart.o
 .debug_ranges  0x0000000000000718      0x218 ./Middlewares/Third_Party/FreeRTOS/Source/CMSIS_RTOS_V2/cmsis_os2.o
 .debug_ranges  0x0000000000000930       0x30 ./Middlewares/Third_Party/FreeRTOS/Source/list.o
 .debug_ranges  0x0000000000000960      0x148 ./Middlewares/Third_Party/FreeRTOS/Source/queue.o
 .debug_ranges  0x0000000000000aa8      0x1e8 ./Middlewares/Third_Party/FreeRTOS/Source/tasks.o
 .debug_ranges  0x0000000000000c90       0xd0 ./Middlewares/Third_Party/FreeRTOS/Source/timers.o
 .debug_ranges  0x0000000000000d60       0x68 ./Middlewares/Third_Party/FreeRTOS/Source/portable/GCC/ARM_CM3/port.o
 .debug_ranges  0x0000000000000dc8       0x40 ./Middlewares/Third_Party/FreeRTOS/Source/portable/MemMang/heap_4.o

.debug_macro    0x0000000000000000    0x18963
 .debug_macro   0x0000000000000000      0x1b1 ./Core/Src/bsp_can.o
 .debug_macro   0x00000000000001b1      0xa6c ./Core/Src/bsp_can.o
 .debug_macro   0x0000000000000c1d      0x21b ./Core/Src/bsp_can.o
 .debug_macro   0x0000000000000e38       0x2e ./Core/Src/bsp_can.o
 .debug_macro   0x0000000000000e66       0x22 ./Core/Src/bsp_can.o
 .debug_macro   0x0000000000000e88       0x22 ./Core/Src/bsp_can.o
 .debug_macro   0x0000000000000eaa       0x8e ./Core/Src/bsp_can.o
 .debug_macro   0x0000000000000f38       0x51 ./Core/Src/bsp_can.o
 .debug_macro   0x0000000000000f89      0x103 ./Core/Src/bsp_can.o
 .debug_macro   0x000000000000108c       0x6a ./Core/Src/bsp_can.o
 .debug_macro   0x00000000000010f6      0x1df ./Core/Src/bsp_can.o
 .debug_macro   0x00000000000012d5       0x1c ./Core/Src/bsp_can.o
 .debug_macro   0x00000000000012f1       0x22 ./Core/Src/bsp_can.o
 .debug_macro   0x0000000000001313       0xbd ./Core/Src/bsp_can.o
 .debug_macro   0x00000000000013d0      0xd23 ./Core/Src/bsp_can.o
 .debug_macro   0x00000000000020f3     0xe09e ./Core/Src/bsp_can.o
 .debug_macro   0x0000000000010191       0x6d ./Core/Src/bsp_can.o
 .debug_macro   0x00000000000101fe     0x3468 ./Core/Src/bsp_can.o
 .debug_macro   0x0000000000013666      0x174 ./Core/Src/bsp_can.o
 .debug_macro   0x00000000000137da       0x5c ./Core/Src/bsp_can.o
 .debug_macro   0x0000000000013836      0x5be ./Core/Src/bsp_can.o
 .debug_macro   0x0000000000013df4      0x289 ./Core/Src/bsp_can.o
 .debug_macro   0x000000000001407d      0x1cb ./Core/Src/bsp_can.o
 .debug_macro   0x0000000000014248      0x114 ./Core/Src/bsp_can.o
 .debug_macro   0x000000000001435c      0x1b2 ./Core/Src/bsp_can.o
 .debug_macro   0x000000000001450e       0x27 ./Core/Src/bsp_can.o
 .debug_macro   0x0000000000014535      0x136 ./Core/Src/bsp_can.o
 .debug_macro   0x000000000001466b      0x1bc ./Core/Src/bsp_can.o
 .debug_macro   0x0000000000014827       0x34 ./Core/Src/bsp_can.o
 .debug_macro   0x000000000001485b       0x3c ./Core/Src/bsp_can.o
 .debug_macro   0x0000000000014897      0x408 ./Core/Src/bsp_can.o
 .debug_macro   0x0000000000014c9f       0x57 ./Core/Src/bsp_can.o
 .debug_macro   0x0000000000014cf6       0x88 ./Core/Src/bsp_can.o
 .debug_macro   0x0000000000014d7e      0x241 ./Core/Src/bsp_can.o
 .debug_macro   0x0000000000014fbf      0x141 ./Core/Src/bsp_can.o
 .debug_macro   0x0000000000015100      0x279 ./Core/Src/bsp_can.o
 .debug_macro   0x0000000000015379       0x83 ./Core/Src/bsp_can.o
 .debug_macro   0x00000000000153fc       0x1c ./Core/Src/bsp_can.o
 .debug_macro   0x0000000000015418      0x1b1 ./Core/Src/can.o
 .debug_macro   0x00000000000155c9      0x24d ./Core/Src/freertos.o
 .debug_macro   0x0000000000015816      0x11c ./Core/Src/freertos.o
 .debug_macro   0x0000000000015932      0x15a ./Core/Src/freertos.o
 .debug_macro   0x0000000000015a8c       0xc2 ./Core/Src/freertos.o
 .debug_macro   0x0000000000015b4e       0x10 ./Core/Src/freertos.o
 .debug_macro   0x0000000000015b5e       0x1f ./Core/Src/freertos.o
 .debug_macro   0x0000000000015b7d      0x47f ./Core/Src/freertos.o
 .debug_macro   0x0000000000015ffc       0xb5 ./Core/Src/freertos.o
 .debug_macro   0x00000000000160b1       0x8c ./Core/Src/freertos.o
 .debug_macro   0x000000000001613d       0x5b ./Core/Src/freertos.o
 .debug_macro   0x0000000000016198       0x74 ./Core/Src/freertos.o
 .debug_macro   0x000000000001620c       0xdd ./Core/Src/freertos.o
 .debug_macro   0x00000000000162e9      0x1b1 ./Core/Src/gpio.o
 .debug_macro   0x000000000001649a      0x244 ./Core/Src/main.o
 .debug_macro   0x00000000000166de      0x11c ./Core/Src/main.o
 .debug_macro   0x00000000000167fa      0x1a7 ./Core/Src/stm32f1xx_hal_msp.o
 .debug_macro   0x00000000000169a1      0x219 ./Core/Src/stm32f1xx_it.o
 .debug_macro   0x0000000000016bba      0x198 ./Core/Src/system_stm32f1xx.o
 .debug_macro   0x0000000000016d52      0x1b1 ./Core/Src/usart.o
 .debug_macro   0x0000000000016f03      0x1bc ./Drivers/STM32F1xx_HAL_Driver/Src/stm32f1xx_hal.o
 .debug_macro   0x00000000000170bf      0x1a0 ./Drivers/STM32F1xx_HAL_Driver/Src/stm32f1xx_hal_can.o
 .debug_macro   0x000000000001725f      0x198 ./Drivers/STM32F1xx_HAL_Driver/Src/stm32f1xx_hal_cortex.o
 .debug_macro   0x00000000000173f7      0x203 ./Drivers/STM32F1xx_HAL_Driver/Src/stm32f1xx_hal_gpio.o
 .debug_macro   0x00000000000175fa      0x1aa ./Drivers/STM32F1xx_HAL_Driver/Src/stm32f1xx_hal_rcc.o
 .debug_macro   0x00000000000177a4      0x199 ./Drivers/STM32F1xx_HAL_Driver/Src/stm32f1xx_hal_uart.o
 .debug_macro   0x000000000001793d      0x247 ./Middlewares/Third_Party/FreeRTOS/Source/CMSIS_RTOS_V2/cmsis_os2.o
 .debug_macro   0x0000000000017b84       0x10 ./Middlewares/Third_Party/FreeRTOS/Source/CMSIS_RTOS_V2/cmsis_os2.o
 .debug_macro   0x0000000000017b94       0x20 ./Middlewares/Third_Party/FreeRTOS/Source/CMSIS_RTOS_V2/cmsis_os2.o
 .debug_macro   0x0000000000017bb4       0x10 ./Middlewares/Third_Party/FreeRTOS/Source/CMSIS_RTOS_V2/cmsis_os2.o
 .debug_macro   0x0000000000017bc4       0xb7 ./Middlewares/Third_Party/FreeRTOS/Source/CMSIS_RTOS_V2/cmsis_os2.o
 .debug_macro   0x0000000000017c7b       0x91 ./Middlewares/Third_Party/FreeRTOS/Source/CMSIS_RTOS_V2/cmsis_os2.o
 .debug_macro   0x0000000000017d0c       0x8d ./Middlewares/Third_Party/FreeRTOS/Source/CMSIS_RTOS_V2/cmsis_os2.o
 .debug_macro   0x0000000000017d99       0x9a ./Middlewares/Third_Party/FreeRTOS/Source/CMSIS_RTOS_V2/cmsis_os2.o
 .debug_macro   0x0000000000017e33      0x187 ./Middlewares/Third_Party/FreeRTOS/Source/list.o
 .debug_macro   0x0000000000017fba      0x212 ./Middlewares/Third_Party/FreeRTOS/Source/queue.o
 .debug_macro   0x00000000000181cc       0x16 ./Middlewares/Third_Party/FreeRTOS/Source/queue.o
 .debug_macro   0x00000000000181e2      0x287 ./Middlewares/Third_Party/FreeRTOS/Source/tasks.o
 .debug_macro   0x0000000000018469       0x10 ./Middlewares/Third_Party/FreeRTOS/Source/tasks.o
 .debug_macro   0x0000000000018479      0x1ca ./Middlewares/Third_Party/FreeRTOS/Source/timers.o
 .debug_macro   0x0000000000018643      0x172 ./Middlewares/Third_Party/FreeRTOS/Source/portable/GCC/ARM_CM3/port.o
 .debug_macro   0x00000000000187b5      0x1ae ./Middlewares/Third_Party/FreeRTOS/Source/portable/MemMang/heap_4.o

.debug_line     0x0000000000000000    0x111c9
 .debug_line    0x0000000000000000      0x700 ./Core/Src/bsp_can.o
 .debug_line    0x0000000000000700      0x6ca ./Core/Src/can.o
 .debug_line    0x0000000000000dca      0x837 ./Core/Src/freertos.o
 .debug_line    0x0000000000001601      0x66d ./Core/Src/gpio.o
 .debug_line    0x0000000000001c6e      0x841 ./Core/Src/main.o
 .debug_line    0x00000000000024af      0x655 ./Core/Src/stm32f1xx_hal_msp.o
 .debug_line    0x0000000000002b04      0x813 ./Core/Src/stm32f1xx_it.o
 .debug_line    0x0000000000003317      0x6d2 ./Core/Src/system_stm32f1xx.o
 .debug_line    0x00000000000039e9      0x6c3 ./Core/Src/usart.o
 .debug_line    0x00000000000040ac       0x87 ./Core/Startup/startup_stm32f103c8tx.o
 .debug_line    0x0000000000004133      0x8ff ./Drivers/STM32F1xx_HAL_Driver/Src/stm32f1xx_hal.o
 .debug_line    0x0000000000004a32     0x10a0 ./Drivers/STM32F1xx_HAL_Driver/Src/stm32f1xx_hal_can.o
 .debug_line    0x0000000000005ad2      0xae7 ./Drivers/STM32F1xx_HAL_Driver/Src/stm32f1xx_hal_cortex.o
 .debug_line    0x00000000000065b9      0x996 ./Drivers/STM32F1xx_HAL_Driver/Src/stm32f1xx_hal_gpio.o
 .debug_line    0x0000000000006f4f      0xd0d ./Drivers/STM32F1xx_HAL_Driver/Src/stm32f1xx_hal_rcc.o
 .debug_line    0x0000000000007c5c     0x19da ./Drivers/STM32F1xx_HAL_Driver/Src/stm32f1xx_hal_uart.o
 .debug_line    0x0000000000009636     0x2447 ./Middlewares/Third_Party/FreeRTOS/Source/CMSIS_RTOS_V2/cmsis_os2.o
 .debug_line    0x000000000000ba7d      0x6f7 ./Middlewares/Third_Party/FreeRTOS/Source/list.o
 .debug_line    0x000000000000c174     0x16ba ./Middlewares/Third_Party/FreeRTOS/Source/queue.o
 .debug_line    0x000000000000d82e     0x1d12 ./Middlewares/Third_Party/FreeRTOS/Source/tasks.o
 .debug_line    0x000000000000f540      0xc8a ./Middlewares/Third_Party/FreeRTOS/Source/timers.o
 .debug_line    0x00000000000101ca      0x746 ./Middlewares/Third_Party/FreeRTOS/Source/portable/GCC/ARM_CM3/port.o
 .debug_line    0x0000000000010910      0x8b9 ./Middlewares/Third_Party/FreeRTOS/Source/portable/MemMang/heap_4.o

.debug_str      0x0000000000000000    0x8d6a7
 .debug_str     0x0000000000000000    0x7e916 ./Core/Src/bsp_can.o
                                      0x7ecc3 (size before relaxing)
 .debug_str     0x000000000007e916      0x3a8 ./Core/Src/can.o
                                      0x7eeb7 (size before relaxing)
 .debug_str     0x000000000007ecbe     0x4d23 ./Core/Src/freertos.o
                                      0x836a7 (size before relaxing)
 .debug_str     0x00000000000839e1       0x68 ./Core/Src/gpio.o
                                      0x7e8b2 (size before relaxing)
 .debug_str     0x0000000000083a49      0x202 ./Core/Src/main.o
                                      0x823f9 (size before relaxing)
 .debug_str     0x0000000000083c4b       0x50 ./Core/Src/stm32f1xx_hal_msp.o
                                      0x7eb2e (size before relaxing)
 .debug_str     0x0000000000083c9b       0xec ./Core/Src/stm32f1xx_it.o
                                      0x82420 (size before relaxing)
 .debug_str     0x0000000000083d87       0x7e ./Core/Src/system_stm32f1xx.o
                                      0x7e80e (size before relaxing)
 .debug_str     0x0000000000083e05       0x51 ./Core/Src/usart.o
                                      0x7ecd2 (size before relaxing)
 .debug_str     0x0000000000083e56       0x36 ./Core/Startup/startup_stm32f103c8tx.o
                                         0x71 (size before relaxing)
 .debug_str     0x0000000000083e8c      0x384 ./Drivers/STM32F1xx_HAL_Driver/Src/stm32f1xx_hal.o
                                      0x7ef41 (size before relaxing)
 .debug_str     0x0000000000084210      0x3d3 ./Drivers/STM32F1xx_HAL_Driver/Src/stm32f1xx_hal_can.o
                                      0x7f00e (size before relaxing)
 .debug_str     0x00000000000845e3      0x263 ./Drivers/STM32F1xx_HAL_Driver/Src/stm32f1xx_hal_cortex.o
                                      0x7ee8d (size before relaxing)
 .debug_str     0x0000000000084846      0x2d3 ./Drivers/STM32F1xx_HAL_Driver/Src/stm32f1xx_hal_gpio.o
                                      0x7eb94 (size before relaxing)
 .debug_str     0x0000000000084b19      0x229 ./Drivers/STM32F1xx_HAL_Driver/Src/stm32f1xx_hal_rcc.o
                                      0x7ec3d (size before relaxing)
 .debug_str     0x0000000000084d42      0x620 ./Drivers/STM32F1xx_HAL_Driver/Src/stm32f1xx_hal_uart.o
                                      0x7f248 (size before relaxing)
 .debug_str     0x0000000000085362     0x5a5b ./Middlewares/Third_Party/FreeRTOS/Source/CMSIS_RTOS_V2/cmsis_os2.o
                                       0xe107 (size before relaxing)
 .debug_str     0x000000000008adbd      0x21b ./Middlewares/Third_Party/FreeRTOS/Source/list.o
                                       0xa1f4 (size before relaxing)
 .debug_str     0x000000000008afd8      0x86c ./Middlewares/Third_Party/FreeRTOS/Source/queue.o
                                       0xbbee (size before relaxing)
 .debug_str     0x000000000008b844     0x10af ./Middlewares/Third_Party/FreeRTOS/Source/tasks.o
                                       0xc752 (size before relaxing)
 .debug_str     0x000000000008c8f3      0x50c ./Middlewares/Third_Party/FreeRTOS/Source/timers.o
                                       0xc0c3 (size before relaxing)
 .debug_str     0x000000000008cdff      0x66e ./Middlewares/Third_Party/FreeRTOS/Source/portable/GCC/ARM_CM3/port.o
                                       0x7f95 (size before relaxing)
 .debug_str     0x000000000008d46d      0x23a ./Middlewares/Third_Party/FreeRTOS/Source/portable/MemMang/heap_4.o
                                       0xa941 (size before relaxing)

.comment        0x0000000000000000       0x50
 .comment       0x0000000000000000       0x50 ./Core/Src/bsp_can.o
                                         0x51 (size before relaxing)
 .comment       0x0000000000000050       0x51 ./Core/Src/can.o
 .comment       0x0000000000000050       0x51 ./Core/Src/freertos.o
 .comment       0x0000000000000050       0x51 ./Core/Src/gpio.o
 .comment       0x0000000000000050       0x51 ./Core/Src/main.o
 .comment       0x0000000000000050       0x51 ./Core/Src/stm32f1xx_hal_msp.o
 .comment       0x0000000000000050       0x51 ./Core/Src/stm32f1xx_it.o
 .comment       0x0000000000000050       0x51 ./Core/Src/system_stm32f1xx.o
 .comment       0x0000000000000050       0x51 ./Core/Src/usart.o
 .comment       0x0000000000000050       0x51 ./Drivers/STM32F1xx_HAL_Driver/Src/stm32f1xx_hal.o
 .comment       0x0000000000000050       0x51 ./Drivers/STM32F1xx_HAL_Driver/Src/stm32f1xx_hal_can.o
 .comment       0x0000000000000050       0x51 ./Drivers/STM32F1xx_HAL_Driver/Src/stm32f1xx_hal_cortex.o
 .comment       0x0000000000000050       0x51 ./Drivers/STM32F1xx_HAL_Driver/Src/stm32f1xx_hal_gpio.o
 .comment       0x0000000000000050       0x51 ./Drivers/STM32F1xx_HAL_Driver/Src/stm32f1xx_hal_rcc.o
 .comment       0x0000000000000050       0x51 ./Drivers/STM32F1xx_HAL_Driver/Src/stm32f1xx_hal_uart.o
 .comment       0x0000000000000050       0x51 ./Middlewares/Third_Party/FreeRTOS/Source/CMSIS_RTOS_V2/cmsis_os2.o
 .comment       0x0000000000000050       0x51 ./Middlewares/Third_Party/FreeRTOS/Source/list.o
 .comment       0x0000000000000050       0x51 ./Middlewares/Third_Party/FreeRTOS/Source/queue.o
 .comment       0x0000000000000050       0x51 ./Middlewares/Third_Party/FreeRTOS/Source/tasks.o
 .comment       0x0000000000000050       0x51 ./Middlewares/Third_Party/FreeRTOS/Source/timers.o
 .comment       0x0000000000000050       0x51 ./Middlewares/Third_Party/FreeRTOS/Source/portable/GCC/ARM_CM3/port.o
 .comment       0x0000000000000050       0x51 ./Middlewares/Third_Party/FreeRTOS/Source/portable/MemMang/heap_4.o

.debug_frame    0x0000000000000000     0x3d24
 .debug_frame   0x0000000000000000       0x7c ./Core/Src/bsp_can.o
 .debug_frame   0x000000000000007c       0x74 ./Core/Src/can.o
 .debug_frame   0x00000000000000f0       0x8c ./Core/Src/freertos.o
 .debug_frame   0x000000000000017c       0x34 ./Core/Src/gpio.o
 .debug_frame   0x00000000000001b0       0x68 ./Core/Src/main.o
 .debug_frame   0x0000000000000218       0x34 ./Core/Src/stm32f1xx_hal_msp.o
 .debug_frame   0x000000000000024c       0xe0 ./Core/Src/stm32f1xx_it.o
 .debug_frame   0x000000000000032c       0x58 ./Core/Src/system_stm32f1xx.o
 .debug_frame   0x0000000000000384       0x74 ./Core/Src/usart.o
 .debug_frame   0x00000000000003f8      0x334 ./Drivers/STM32F1xx_HAL_Driver/Src/stm32f1xx_hal.o
 .debug_frame   0x000000000000072c      0x5a0 ./Drivers/STM32F1xx_HAL_Driver/Src/stm32f1xx_hal_can.o
 .debug_frame   0x0000000000000ccc      0x428 ./Drivers/STM32F1xx_HAL_Driver/Src/stm32f1xx_hal_cortex.o
 .debug_frame   0x00000000000010f4      0x14c ./Drivers/STM32F1xx_HAL_Driver/Src/stm32f1xx_hal_gpio.o
 .debug_frame   0x0000000000001240      0x21c ./Drivers/STM32F1xx_HAL_Driver/Src/stm32f1xx_hal_rcc.o
 .debug_frame   0x000000000000145c      0x914 ./Drivers/STM32F1xx_HAL_Driver/Src/stm32f1xx_hal_uart.o
 .debug_frame   0x0000000000001d70      0x980 ./Middlewares/Third_Party/FreeRTOS/Source/CMSIS_RTOS_V2/cmsis_os2.o
 .debug_frame   0x00000000000026f0       0xd8 ./Middlewares/Third_Party/FreeRTOS/Source/list.o
 .debug_frame   0x00000000000027c8      0x5ec ./Middlewares/Third_Party/FreeRTOS/Source/queue.o
 .debug_frame   0x0000000000002db4      0x8a8 ./Middlewares/Third_Party/FreeRTOS/Source/tasks.o
 .debug_frame   0x000000000000365c      0x3b4 ./Middlewares/Third_Party/FreeRTOS/Source/timers.o
 .debug_frame   0x0000000000003a10      0x198 ./Middlewares/Third_Party/FreeRTOS/Source/portable/GCC/ARM_CM3/port.o
 .debug_frame   0x0000000000003ba8      0x108 ./Middlewares/Third_Party/FreeRTOS/Source/portable/MemMang/heap_4.o
 .debug_frame   0x0000000000003cb0       0x2c c:/st/stm32cubeide_1.7.0/stm32cubeide/plugins/com.st.stm32cube.ide.mcu.externaltools.gnu-tools-for-stm32.10.3-2021.10.win32_1.0.0.202111181127/tools/bin/../lib/gcc/arm-none-eabi/10.3.1/../../../../arm-none-eabi/lib/thumb/v7-m/nofp\libc_nano.a(lib_a-init.o)
 .debug_frame   0x0000000000003cdc       0x28 c:/st/stm32cubeide_1.7.0/stm32cubeide/plugins/com.st.stm32cube.ide.mcu.externaltools.gnu-tools-for-stm32.10.3-2021.10.win32_1.0.0.202111181127/tools/bin/../lib/gcc/arm-none-eabi/10.3.1/../../../../arm-none-eabi/lib/thumb/v7-m/nofp\libc_nano.a(lib_a-memcpy-stub.o)
 .debug_frame   0x0000000000003d04       0x20 c:/st/stm32cubeide_1.7.0/stm32cubeide/plugins/com.st.stm32cube.ide.mcu.externaltools.gnu-tools-for-stm32.10.3-2021.10.win32_1.0.0.202111181127/tools/bin/../lib/gcc/arm-none-eabi/10.3.1/../../../../arm-none-eabi/lib/thumb/v7-m/nofp\libc_nano.a(lib_a-memset.o)
